Archive member included to satisfy reference by file (symbol)

C:/TOOLS/NXP/gcc-9.2-arm32-eabi/arm-none-eabi/newlib/lib/thumb/v7-m/nofp\libc.a(lib_a-memcpy-stub.o)
                              obj/external/Components/Dcm/Implementation/Dcm_Svc2ASchd.o (memcpy)
C:/TOOLS/NXP/gcc-9.2-arm32-eabi/arm-none-eabi/newlib/lib/thumb/v7-m/nofp\libc.a(lib_a-memset.o)
                              obj/external/Components/Fee/Implementation/Fee_Partition.o (memset)

Memory Configuration

Name             Origin             Length             Attributes
CoreExceptions_FirstExecInst 0x34000000         0x00000040
StartupCode_FirstExecInst 0x34000040         0x00000400
SRAM0            0x34000440         0x00007bc0
SRAM_RESERVED    0x34008000         0x00071c00
SRAM2            0x34079c00         0x00106400
SRAM_ipc_shm_rx  0x34180000         0x00080000
SRAM_ipc_shm_tx  0x34200000         0x00080000
StartupStack_Shared 0x34280000         0x0000ebb0
Variables_Shared 0x342fbff0         0x00000010
*default*        0x00000000         0xffffffff

Linker script and memory map

                0x00080000                ipc_shm_size = LENGTH (SRAM_ipc_shm_tx)
                0x34200000                local_shm_start = ORIGIN (SRAM_ipc_shm_tx)
                0x34280000                local_shm_end = (ORIGIN (SRAM_ipc_shm_tx) + ipc_shm_size)
                0x34180000                remote_shm_start = ORIGIN (SRAM_ipc_shm_rx)
                0x34200000                remote_shm_end = (ORIGIN (SRAM_ipc_shm_rx) + ipc_shm_size)

.OS_STACKS_CORE0_VAR_NOINIT
                0x34079c00     0x2800
                0x34079c00                _OS_STACKS_CORE0_VAR_NOINIT_START = ABSOLUTE (.)
 *(*.OS_STACK_DEFAULT_BSW_ASYNC_TASK_VAR_NOINIT)
 .OS_STACK_DEFAULT_BSW_ASYNC_TASK_VAR_NOINIT
                0x34079c00      0x800 obj/external/ap-cp-gateway/Appl/GenData/Os_Stack_Lcfg.o
                0x34079c00                OsCfg_Stack_Default_BSW_Async_Task_Dyn
 *(*.OS_STACK_IPC_SHM_SOFTIRQ_VAR_NOINIT)
 .OS_STACK_IPC_SHM_SOFTIRQ_VAR_NOINIT
                0x3407a400      0x400 obj/external/ap-cp-gateway/Appl/GenData/Os_Stack_Lcfg.o
                0x3407a400                OsCfg_Stack_ipc_shm_softirq_Dyn
 *(*.OS_STACK_OSCORE0_ERROR_VAR_NOINIT)
 .OS_STACK_OSCORE0_ERROR_VAR_NOINIT
                0x3407a800      0x400 obj/external/ap-cp-gateway/Appl/GenData/Os_Stack_Lcfg.o
                0x3407a800                OsCfg_Stack_OsCore0_Error_Dyn
 *(*.OS_STACK_OSCORE0_INIT_VAR_NOINIT)
 .OS_STACK_OSCORE0_INIT_VAR_NOINIT
                0x3407ac00      0x400 obj/external/ap-cp-gateway/Appl/GenData/Os_Stack_Lcfg.o
                0x3407ac00                OsCfg_Stack_OsCore0_Init_Dyn
 *(*.OS_STACK_OSCORE0_ISR_CORE_VAR_NOINIT)
 .OS_STACK_OSCORE0_ISR_CORE_VAR_NOINIT
                0x3407b000      0x400 obj/external/ap-cp-gateway/Appl/GenData/Os_Stack_Lcfg.o
                0x3407b000                OsCfg_Stack_OsCore0_Isr_Core_Dyn
 *(*.OS_STACK_OSCORE0_KERNEL_VAR_NOINIT)
 .OS_STACK_OSCORE0_KERNEL_VAR_NOINIT
                0x3407b400      0x400 obj/external/ap-cp-gateway/Appl/GenData/Os_Stack_Lcfg.o
                0x3407b400                OsCfg_Stack_OsCore0_Kernel_Dyn
 *(*.OS_STACK_OSCORE0_TASK_PRIO4294967295_VAR_NOINIT)
 .OS_STACK_OSCORE0_TASK_PRIO4294967295_VAR_NOINIT
                0x3407b800      0x400 obj/external/ap-cp-gateway/Appl/GenData/Os_Stack_Lcfg.o
                0x3407b800                OsCfg_Stack_OsCore0_Task_Prio4294967295_Dyn
 *(*.OS_STACK_OSCORE0_TASK_PRIO49_VAR_NOINIT)
 .OS_STACK_OSCORE0_TASK_PRIO49_VAR_NOINIT
                0x3407bc00      0x400 obj/external/ap-cp-gateway/Appl/GenData/Os_Stack_Lcfg.o
                0x3407bc00                OsCfg_Stack_OsCore0_Task_Prio49_Dyn
 *(*.OS_STACK_OSCORE0_TASK_PRIO50_VAR_NOINIT)
 .OS_STACK_OSCORE0_TASK_PRIO50_VAR_NOINIT
                0x3407c000      0x400 obj/external/ap-cp-gateway/Appl/GenData/Os_Stack_Lcfg.o
                0x3407c000                OsCfg_Stack_OsCore0_Task_Prio50_Dyn
                0x3407c3ff                _OS_STACKS_CORE0_VAR_NOINIT_END = ABSOLUTE ((. - 0x1))
                0x3407c400                _OS_STACKS_CORE0_VAR_NOINIT_LIMIT = ABSOLUTE (.)
                0x34079c00                _OS_STACKS_CORE0_VAR_ALL_START = _OS_STACKS_CORE0_VAR_NOINIT_START
                0x3407c3ff                _OS_STACKS_CORE0_VAR_ALL_END = _OS_STACKS_CORE0_VAR_NOINIT_END
                0x3407c400                _OS_STACKS_CORE0_VAR_ALL_LIMIT = _OS_STACKS_CORE0_VAR_NOINIT_LIMIT

.Brs_ExcVect    0x34000000       0x40
                0x34000000                _Brs_ExcVect_START = ABSOLUTE (.)
 *(*.brsExcVect)
 *(*.brsExcVectConst)
 .brsExcVectConst
                0x34000000       0x40 obj/external/ap-cp-gateway/Appl/Source/ARMBrsHwIntTb_CortexM.o
                0x34000000                intvect_CoreExceptions
                0x3400003f                _Brs_ExcVect_END = ABSOLUTE ((. - 0x1))
                0x34000040                _Brs_ExcVect_LIMIT = ABSOLUTE (.)
                0x34000000                _Brs_ExcVect_ALL_START = _Brs_ExcVect_START
                0x3400003f                _Brs_ExcVect_ALL_END = _Brs_ExcVect_END
                0x34000040                _Brs_ExcVect_ALL_LIMIT = _Brs_ExcVect_LIMIT

.Brs_Startup_Code
                0x34000040       0x98
                0x34000040                _Brs_Startup_Code_START = ABSOLUTE (.)
 *(*.brsStartup)
 .brsStartup    0x34000040       0x98 obj/external/ap-cp-gateway/Appl/Source/ARMStartup_CortexM.o
                0x34000040                brsStartupEntry
                0x34000044                brsPreAsmStartupHook
                0x34000048                coreRegisterInit
                0x3400004c                coreRegisterInit2
                0x34000056                brsStartupZeroInitLoop
                0x34000062                brsStartupStackSearch
                0x3400008c                stackPointerInit
                0x34000094                coreRegisterInit3
                0x340000d7                _Brs_Startup_Code_END = ABSOLUTE ((. - 0x1))
                0x340000d8                _Brs_Startup_Code_LIMIT = ABSOLUTE (.)

.BrsMain_Startup_Code
                0x340000d8       0xa0
                0x340000d8                _BrsMain_Startup_Code_START = ABSOLUTE (.)
 *(*.brsMainStartup)
 .brsMainStartup
                0x340000d8       0x74 obj/external/ap-cp-gateway/Appl/Source/BrsHw.o
                0x340000d8                BrsHwGetResetReasonStartup
 .brsMainStartup
                0x3400014c       0x2c obj/external/ap-cp-gateway/Appl/Source/BrsMainStartup.o
                0x3400014c                BrsMainExceptionStartup
                0x34000160                Brs_PreMainStartup
                0x34000177                _BrsMain_Startup_Code_END = ABSOLUTE ((. - 0x1))
                0x34000178                _BrsMain_Startup_Code_LIMIT = ABSOLUTE (.)
                0x34000040                _Brs_Startup_Code_ALL_START = _Brs_Startup_Code_START
                0x34000177                _Brs_Startup_Code_ALL_END = _BrsMain_Startup_Code_END
                0x34000178                _Brs_Startup_Code_ALL_LIMIT = _BrsMain_Startup_Code_LIMIT

.Brs_Shared_Const
                0x3407c400        0x0
                0x3407c400                _Brs_Shared_Const_START = ABSOLUTE (.)
 *(*.brsSharedConst)
                0x3407c3ff                _Brs_Shared_Const_END = ABSOLUTE ((. - 0x1))
                0x3407c400                _Brs_Shared_Const_LIMIT = ABSOLUTE (.)
                0x3407c400                _Brs_Shared_Const_ALL_START = _Brs_Shared_Const_START
                0x3407c3ff                _Brs_Shared_Const_ALL_END = _Brs_Shared_Const_END
                0x3407c400                _Brs_Shared_Const_ALL_LIMIT = _Brs_Shared_Const_LIMIT

.Brs_Shared_Var
                0x342fbff0        0x1
                0x342fbff0                _Brs_Shared_Var_START = ABSOLUTE (.)
 *(*.brsSharedVar)
 .brsSharedVar  0x342fbff0        0x1 obj/external/ap-cp-gateway/Appl/Source/BrsMainStartup.o
                0x342fbff0                brsMain_ResetReason
                0x342fbff0                _Brs_Shared_Var_END = ABSOLUTE ((. - 0x1))
                0x342fbff1                _Brs_Shared_Var_LIMIT = ABSOLUTE (.)
                0x342fbff0                _Brs_Shared_Var_ALL_START = _Brs_Shared_Var_START
                0x342fbff0                _Brs_Shared_Var_ALL_END = _Brs_Shared_Var_END
                0x342fbff1                _Brs_Shared_Var_ALL_LIMIT = _Brs_Shared_Var_LIMIT

.GMAC           0x3407c400        0x0
                0x3407c400                _GMAC_START = ABSOLUTE (.)
                0x3407c400                . = ALIGN (0x40)
 *(*.EthBuffers)
                0x3407c400                . = ALIGN (0x40)
 *(*.EthDesc)
                0x3407c400                . = ALIGN (0x4)
                0x3407c3ff                _GMAC_END = ABSOLUTE ((. - 0x1))
                0x3407c400                _GMAC_LIMIT = ABSOLUTE (.)
                0x3407c400                _ETH_VAR_ALL_START = _GMAC_START
                0x3407c3ff                _ETH_VAR_ALL_END = _GMAC_END
                0x3407c400                _ETH_VAR_ALL_LIMIT = _GMAC_LIMIT

.MSR_CODE       0x3407c400        0x0
                0x3407c400                _MSR_CODE_START = ABSOLUTE (.)
 *(*.MSR_CODE)
                0x3407c3ff                _MSR_CODE_END = ABSOLUTE ((. - 0x1))
                0x3407c400                _MSR_CODE_LIMIT = ABSOLUTE (.)
                0x3407c400                _MSR_CODE_ALL_START = _MSR_CODE_START
                0x3407c3ff                _MSR_CODE_ALL_END = _MSR_CODE_END
                0x3407c400                _MSR_CODE_ALL_LIMIT = _MSR_CODE_LIMIT

.MSR_CONST      0x3407c400     0x77fc
                0x3407c400                _MSR_CONST_START = ABSOLUTE (.)
 *(*.MSR_CONST)
 .MSR_CONST     0x3407c400       0x31 obj/external/Components/CanIf/Implementation/CanIf.o
                0x3407c42e                CanIf_ReleaseVersion
                0x3407c42f                CanIf_SubVersion
                0x3407c430                CanIf_MainVersion
 .MSR_CONST     0x3407c431        0x3 obj/external/Components/CanNm/Implementation/CanNm.o
                0x3407c431                CanNm_ReleaseVersion
                0x3407c432                CanNm_SubVersion
                0x3407c433                CanNm_MainVersion
 .MSR_CONST     0x3407c434        0x3 obj/external/Components/CanXcp/Implementation/CanXcp.o
                0x3407c434                kXcpOnCanAsrReleaseVersion
                0x3407c435                kXcpOnCanSubAsrVersion
                0x3407c436                kXcpOnCanAsrMainVersion
 *fill*         0x3407c437        0x1 
 .MSR_CONST     0x3407c438       0x5b obj/external/Components/Can_30_Flexcan4/Implementation/Can_30_Flexcan4.o
                0x3407c48c                Can_30_Flexcan4_ConfigDataPtr
                0x3407c490                Can_30_Flexcan4_ReleaseVersion
                0x3407c491                Can_30_Flexcan4_SubVersion
                0x3407c492                Can_30_Flexcan4_MainVersion
 *fill*         0x3407c493        0x1 
 .MSR_CONST     0x3407c494       0x80 obj/external/Components/ComM/Implementation/ComM.o
 *fill*         0x3407c514        0x4 
 .MSR_CONST     0x3407c518     0x1400 obj/external/Components/Crc/Implementation/Crc.o
 .MSR_CONST     0x3407d918        0x3 obj/external/Components/Dcm/Implementation/Dcm.o
 *fill*         0x3407d91b        0x1 
 .MSR_CONST     0x3407d91c       0x15 obj/external/Components/Dcm/Implementation/Dcm_DemIf.o
                0x3407d91c                Dcm_DemIfNrcMapClearDTC
                0x3407d928                Dcm_DemIfNrcMapSelectDTC
                0x3407d92c                Dcm_DemIfNrcMapSetDTCFilter
                0x3407d930                Dcm_DemIfNrcMapGetNumberOfFilteredDTC
 *fill*         0x3407d931        0x3 
 .MSR_CONST     0x3407d934        0xc obj/external/Components/Dcm/Implementation/Dcm_Mode.o
 .MSR_CONST     0x3407d940        0x4 obj/external/Components/Dcm/Implementation/Dcm_RidMgr.o
                0x3407d940                Dcm_RidMgrSubFunc2OpMap
 .MSR_CONST     0x3407d944        0x3 obj/external/Components/Dcm/Implementation/Dcm_State.o
 *fill*         0x3407d947        0x1 
 .MSR_CONST     0x3407d948       0x91 obj/external/Components/Dcm/Implementation/Dcm_Svc19Uti.o
                0x3407d964                Dcm_Svc19UtiNrcMapStdReturnType
                0x3407d98c                Dcm_Svc19UtiDemChainReadDtcByStatus
                0x3407d9b8                Dcm_Svc19UtiDemChainGetDtcStatusEnd
                0x3407d9cc                Dcm_Svc19Uti19_14DemChain
                0x3407d9d0                Dcm_Svc19Uti19_08DemChain
                0x3407d9d4                Dcm_Svc19Uti19_09DemChain
 *fill*         0x3407d9d9        0x3 
 .MSR_CONST     0x3407d9dc        0x4 obj/external/Components/Dcm/Implementation/Dcm_Svc2F.o
 .MSR_CONST     0x3407d9e0       0x28 obj/external/Components/Dcm/Implementation/Dcm_Tmr.o
 .MSR_CONST     0x3407da08       0x90 obj/external/Components/Dcm/Implementation/Dcm_Tsk.o
 .MSR_CONST     0x3407da98       0xa0 obj/external/Components/Dem/Implementation/Dem.o
 .MSR_CONST     0x3407db38      0x3cc obj/external/Components/Fee/Implementation/Fee_Processing.o
 .MSR_CONST     0x3407df04        0x3 obj/external/Components/Nm/Implementation/Nm.o
                0x3407df04                Nm_ReleaseVersion
                0x3407df05                Nm_SubVersion
                0x3407df06                Nm_MainVersion
 *fill*         0x3407df07        0x1 
 .MSR_CONST     0x3407df08       0xcc obj/external/Components/NvM/Implementation/NvM_Act.o
                0x3407df08                NvM_ActionTable_ap
 .MSR_CONST     0x3407dfd4       0x38 obj/external/Components/NvM/Implementation/NvM_Crc.o
 .MSR_CONST     0x3407e00c      0x296 obj/external/Components/NvM/Implementation/NvM_JobProc.o
                0x3407e284                NvM_IntServiceDescrTable_at
 *fill*         0x3407e2a2        0x2 
 .MSR_CONST     0x3407e2a4       0x94 obj/external/Components/NvM/Implementation/NvM_Qry.o
                0x3407e2a4                NvM_QueryTable_ap
 .MSR_CONST     0x3407e338       0x20 obj/external/Components/VStdLib/Implementation/vstdlib.o
 .MSR_CONST     0x3407e358      0x108 obj/external/Components/Xcp/Implementation/Xcp.o
 .MSR_CONST     0x3407e460        0x8 obj/external/ThirdParty/Mcal_S32x/Supply/SW32G_RTD_4.4_3.0.4/eclipse/plugins/Fls_TS_T40D11M30I4R0/src/Qspi_Ip_Controller.o
                0x3407e460                Qspi_Ip_AhbAddress
                0x3407e464                Qspi_Ip_BaseAddress
 .MSR_CONST     0x3407e468      0xe98 obj/external/ThirdParty/Mcal_S32x/Supply/SW32G_RTD_4.4_3.0.4/eclipse/plugins/Mcu_TS_T40D11M30I4R0/src/Clock_Ip_Data.o
                0x3407e468                Clock_Ip_axGateInfo
                0x3407e498                Clock_Ip_axFeatureExtensions
                0x3407e678                Clock_Ip_aeHwDfsName
                0x3407e684                Clock_Ip_aeHwPllName
                0x3407e688                Clock_Ip_aeSourceTypeClockName
                0x3407e6d4                Clock_Ip_apxMcMeTriggerPartitions
                0x3407e6e4                Clock_Ip_apxMcMeGetPartitions
                0x3407e6f4                Clock_Ip_apxMcMeSetPartitions
                0x3407e704                Clock_Ip_axCmuInfo
                0x3407e8a4                Clock_Ip_aeCmuNames
                0x3407e8c0                Clock_Ip_apxCmu
                0x3407e92c                Clock_Ip_apxDfs
                0x3407e934                Clock_Ip_pxPll
                0x3407e944                Clock_Ip_apxXosc
                0x3407e948                Clock_Ip_apxCgmPcfs
                0x3407e960                Clock_Ip_apxCgm
                0x3407eaf8                Clock_Ip_au16SelectorEntryRtcHardwareValue
                0x3407eb90                Clock_Ip_au16SelectorEntryHardwareValue
                0x3407ec28                Clock_Ip_au8ClockFeatures
                0x3407f288                Clock_Ip_au8CmuCallbackIndex
                0x3407f294                Clock_Ip_au8PcfsCallbackIndex
                0x3407f2a0                Clock_Ip_au8SelectorCallbackIndex
                0x3407f2ac                Clock_Ip_au8PllCallbackIndex
                0x3407f2b8                Clock_Ip_au8FractionalDividerCallbackIndex
                0x3407f2c4                Clock_Ip_au8GateCallbackIndex
                0x3407f2d0                Clock_Ip_au8IrcoscCallbackIndex
                0x3407f2dc                Clock_Ip_au8XoscCallbackIndex
                0x3407f2e8                Clock_Ip_au8DividerTriggerCallbackIndex
                0x3407f2f4                Clock_Ip_au8DividerCallbackIndex
 .MSR_CONST     0x3407f300       0x10 obj/external/ThirdParty/Mcal_S32x/Supply/SW32G_RTD_4.4_3.0.4/eclipse/plugins/Mcu_TS_T40D11M30I4R0/src/Clock_Ip_Divider.o
                0x3407f300                Clock_Ip_axDividerCallbacks
 .MSR_CONST     0x3407f310        0x8 obj/external/ThirdParty/Mcal_S32x/Supply/SW32G_RTD_4.4_3.0.4/eclipse/plugins/Mcu_TS_T40D11M30I4R0/src/Clock_Ip_DividerTrigger.o
                0x3407f310                Clock_Ip_axDividerTriggerCallbacks
 .MSR_CONST     0x3407f318       0x28 obj/external/ThirdParty/Mcal_S32x/Supply/SW32G_RTD_4.4_3.0.4/eclipse/plugins/Mcu_TS_T40D11M30I4R0/src/Clock_Ip_ExtOsc.o
                0x3407f318                Clock_Ip_axExtOscCallbacks
 .MSR_CONST     0x3407f340       0x18 obj/external/ThirdParty/Mcal_S32x/Supply/SW32G_RTD_4.4_3.0.4/eclipse/plugins/Mcu_TS_T40D11M30I4R0/src/Clock_Ip_FracDiv.o
                0x3407f340                Clock_Ip_axFracDivCallbacks
 .MSR_CONST     0x3407f358       0x10 obj/external/ThirdParty/Mcal_S32x/Supply/SW32G_RTD_4.4_3.0.4/eclipse/plugins/Mcu_TS_T40D11M30I4R0/src/Clock_Ip_Gate.o
                0x3407f358                Clock_Ip_axGateCallbacks
 .MSR_CONST     0x3407f368        0xc obj/external/ThirdParty/Mcal_S32x/Supply/SW32G_RTD_4.4_3.0.4/eclipse/plugins/Mcu_TS_T40D11M30I4R0/src/Clock_Ip_IntOsc.o
                0x3407f368                Clock_Ip_axIntOscCallbacks
 .MSR_CONST     0x3407f374       0x30 obj/external/ThirdParty/Mcal_S32x/Supply/SW32G_RTD_4.4_3.0.4/eclipse/plugins/Mcu_TS_T40D11M30I4R0/src/Clock_Ip_Monitor.o
                0x3407f374                Clock_Ip_axCmuCallbacks
 .MSR_CONST     0x3407f3a4       0x3c obj/external/ThirdParty/Mcal_S32x/Supply/SW32G_RTD_4.4_3.0.4/eclipse/plugins/Mcu_TS_T40D11M30I4R0/src/Clock_Ip_Pll.o
                0x3407f3a4                Clock_Ip_axPllCallbacks
 .MSR_CONST     0x3407f3e0        0x8 obj/external/ThirdParty/Mcal_S32x/Supply/SW32G_RTD_4.4_3.0.4/eclipse/plugins/Mcu_TS_T40D11M30I4R0/src/Clock_Ip_ProgFreqSwitch.o
                0x3407f3e0                Clock_Ip_axPcfsCallbacks
 .MSR_CONST     0x3407f3e8       0x30 obj/external/ThirdParty/Mcal_S32x/Supply/SW32G_RTD_4.4_3.0.4/eclipse/plugins/Mcu_TS_T40D11M30I4R0/src/Clock_Ip_Selector.o
                0x3407f3e8                Clock_Ip_axSelectorCallbacks
 .MSR_CONST     0x3407f418        0x8 obj/external/ThirdParty/Mcal_S32x/Supply/SW32G_RTD_4.4_3.0.4/eclipse/plugins/Port_TS_T40D11M30I4R0/src/Siul2_Port_Ip.o
                0x3407f418                Port_au32Siul2BaseAddr
 .MSR_CONST     0x3407f420      0x11b obj/external/ap-cp-gateway/Appl/GenData/BswM_Lcfg.o
                0x3407f420                BswM_Rules
                0x3407f498                BswM_ActionLists
                0x3407f4e8                BswM_SwcModeRequestUpdateFct
                0x3407f4ec                BswM_RulesInd
                0x3407f4f8                BswM_PartitionIdentifiers
                0x3407f500                BswM_ModeNotificationFct
                0x3407f504                BswM_InitGenVarAndInitAL
                0x3407f508                BswM_GenericMapping
                0x3407f528                BswM_ImmediateUser
                0x3407f534                BswM_DeferredRules
 *fill*         0x3407f53b        0x1 
 .MSR_CONST     0x3407f53c      0x110 obj/external/ap-cp-gateway/Appl/GenData/CanIf_Lcfg.o
                0x3407f53c                CanIf_TxPduQueueIndex
                0x3407f550                CanIf_TxPduConfig
                0x3407f598                CanIf_TxConfirmationFctList
                0x3407f5ac                CanIf_TxBufferPrioByCanIdByteQueueMappedTxPdus
                0x3407f5b8                CanIf_RxPduConfig
                0x3407f600                CanIf_TxBufferPrioByCanIdByteQueueConfig
                0x3407f604                CanIf_RxIndicationFctList
                0x3407f62c                CanIf_MappedTxBuffersConfig
                0x3407f630                CanIf_MailBoxConfig
                0x3407f640                CanIf_CtrlModeIndicationFctPtr
                0x3407f644                CanIf_CanIfCtrlId2MappedTxBuffersConfig
                0x3407f648                CanIf_BusOffNotificationFctPtr
 .MSR_CONST     0x3407f64c       0x22 obj/external/ap-cp-gateway/Appl/GenData/CanNm_Cfg.o
                0x3407f64c                CanNm_SysToNmChInd
                0x3407f650                CanNm_PbChannelConfig
                0x3407f664                CanNm_ChannelConfig
 *fill*         0x3407f66e        0x2 
 .MSR_CONST     0x3407f670       0x24 obj/external/ap-cp-gateway/Appl/GenData/CanTp_Lcfg.o
                0x3407f670                CanTp_RxSduSnv2Hdl
                0x3407f674                CanTp_RxSduCfgInd
                0x3407f678                CanTp_RxSduCfg
                0x3407f68c                CanTp_RxPduMap
 .MSR_CONST     0x3407f694       0x14 obj/external/ap-cp-gateway/Appl/GenData/CanXcp_Lcfg.o
                0x3407f694                CanXcp_Config
                0x3407f6a0                CanXcp_PduIdField
 .MSR_CONST     0x3407f6a8      0x13d obj/external/ap-cp-gateway/Appl/GenData/Can_30_Flexcan4_Lcfg.o
                0x3407f6a8                Can_30_Flexcan4_MemorySectionObjects
                0x3407f754                Can_30_Flexcan4_MemorySectionInfo
                0x3407f764                Can_30_Flexcan4_Mailbox
                0x3407f780                Can_30_Flexcan4_InitObjectStartIndex
                0x3407f784                Can_30_Flexcan4_InitObjectFdBrsConfig
                0x3407f788                Can_30_Flexcan4_InitObjectFD
                0x3407f78c                Can_30_Flexcan4_InitObjectEBT
                0x3407f798                Can_30_Flexcan4_InitObjectBaudrate
                0x3407f79c                Can_30_Flexcan4_InitObject
                0x3407f7a0                Can_30_Flexcan4_InitBasicCanStd
                0x3407f7a4                Can_30_Flexcan4_InitBasicCanIndexStd
                0x3407f7a8                Can_30_Flexcan4_InitBasicCanIndexExt
                0x3407f7ac                Can_30_Flexcan4_InitBasicCanExt
                0x3407f7b0                Can_30_Flexcan4_FDMailboxMapping
                0x3407f7b4                Can_30_Flexcan4_ERFCR
                0x3407f7bc                Can_30_Flexcan4_ControllerConfig
                0x3407f7e4                Can_30_Flexcan4_CanIfChannelId
 *fill*         0x3407f7e5        0x3 
 .MSR_CONST     0x3407f7e8       0x18 obj/external/ap-cp-gateway/Appl/GenData/ComM_Lcfg.o
                0x3407f7e8                ComM_ECUGroupClassInit
                0x3407f7ec                ComM_User
                0x3407f7f0                ComM_PartitionIdentifiers
                0x3407f7f8                ComM_Channel
 .MSR_CONST     0x3407f800      0x286 obj/external/ap-cp-gateway/Appl/GenData/Com_Lcfg.o
                0x3407f800                Com_TxSigInfo
                0x3407f858                Com_TxSigGrpMask
                0x3407f860                Com_TxPduInitValue
                0x3407f880                Com_TxSigGrpInfo
                0x3407f884                Com_TxPduInfo
                0x3407f8b4                Com_TxModeTrue
                0x3407f8c0                Com_TxModeInfo
                0x3407f8c8                Com_TxModeFalse
                0x3407f8d4                Com_TxGrpSigInfo
                0x3407f914                Com_TxAccessInfo
                0x3407f934                Com_RxSigInfo
                0x3407f944                Com_RxSigGrpInfo
                0x3407f948                Com_RxPduInfo
                0x3407f974                Com_RxAccessInfoInd
                0x3407f984                Com_RxAccessInfo
                0x3407fa58                Com_MainFunctionTxStruct
                0x3407fa5c                Com_IPduGroupInfoOfTxPduInfoInd
                0x3407fa60                Com_MainFunctionRxStruct
                0x3407fa64                Com_IPduGroupInfoOfRxPduInfoInd
                0x3407fa68                Com_IPduGroupInfo
                0x3407fa78                Com_ConstValueUInt8
                0x3407fa7c                Com_ConstValueUInt32
                0x3407fa84                Com_ConstValueUInt16
 *fill*         0x3407fa86        0x2 
 .MSR_CONST     0x3407fa88      0x85e obj/external/ap-cp-gateway/Appl/GenData/Dcm_Lcfg.o
                0x3407fa88                Dcm_CfgSvc85SubFuncInfo
                0x3407fa98                Dcm_CfgSvc85SubFuncExecPrecondTable
                0x3407fa9c                Dcm_CfgSvc3ESubFuncExecPrecondTable
                0x3407faa0                Dcm_CfgSvc2CSubFuncExecPrecondTable
                0x3407faa4                Dcm_CfgSvc2CSubFuncInfo
                0x3407fabc                Dcm_CfgSvc28SubNetIdMap
                0x3407fac0                Dcm_CfgSvc28SubFuncExecPrecondTable
                0x3407fac4                Dcm_CfgSvc28SubFuncInfo
                0x3407fae4                Dcm_CfgSvc27SubFuncExecPrecondTable
                0x3407fae8                Dcm_CfgSvc27SecLevelInfo
                0x3407fb00                Dcm_CfgSvc27SubFuncInfo
                0x3407fb08                Dcm_CfgSvc19SubFuncExecPrecondTable
                0x3407fb14                Dcm_CfgSvc19SubFuncInfo
                0x3407fb74                Dcm_CfgSvc11SubFuncExecPrecondTable
                0x3407fb78                Dcm_CfgSvc11SubFuncInfo
                0x3407fb7c                Dcm_CfgSvc10SubFuncExecPrecondTable
                0x3407fb80                Dcm_CfgSvc10SubFuncInfo
                0x3407fb8c                Dcm_CfgDiagSvcId2ProtMap
                0x3407fb9c                Dcm_CfgDiagSysNotificationInfo
                0x3407fba4                Dcm_CfgDiagOemNotificationInfo
                0x3407fbac                Dcm_CfgDiagSvcCancellers
                0x3407fbc8                Dcm_CfgDiagSvcUpdaters
                0x3407fbd4                Dcm_CfgDiagSvcPostProcessors
                0x3407fc04                Dcm_CfgDiagSvcIdExecPrecondTable
                0x3407fc14                Dcm_CfgDiagServiceInfo
                0x3407fce0                Dcm_CfgDiagSvcInitializers
                0x3407fcf4                Dcm_CfgMemMgrMemMap
                0x3407fd00                Dcm_CfgMemMgrMidInfo
                0x3407fd08                Dcm_CfgRidMgrOpInfo
                0x3407fd78                Dcm_CfgRidMgrRidInfo
                0x3407fd88                Dcm_CfgDidMgrOpInfoCombined
                0x3407fd8c                Dcm_CfgDidMgrOpInfoDefine
                0x3407fd90                Dcm_CfgDidMgrOpInfoIoControl
                0x3407fd94                Dcm_CfgDidMgrSignalOpClassInfo
                0x34080064                Dcm_CfgDidMgrDidOpClassInfo
                0x34080094                Dcm_CfgDidMgrDidOpInfo
                0x340800e8                Dcm_CfgDidMgrDidInfo
                0x34080194                Dcm_CfgDidMgrRangeDidInfoRefs
                0x34080198                Dcm_CfgDidMgrDidRanges
                0x3408019c                Dcm_CfgStateSecurityNotificationInfo
                0x340801a0                Dcm_CfgStateSessionNotificationInfo
                0x340801a4                Dcm_CfgStateSecurityInfo
                0x340801bc                Dcm_CfgStateSessionInfo
                0x340801e0                Dcm_CfgStatePreconditions
                0x340801e8                Dcm_CfgNetNetworkHandleLookUpTable
                0x340801ec                Dcm_CfgNetAllComMChannelMap
                0x340801f0                Dcm_CfgNetProtocolInfo
                0x34080200                Dcm_CfgNetConnectionInfo
                0x34080214                Dcm_CfgNetPeriodicTxPduIds
                0x34080218                Dcm_CfgNetRxPduInfo
                0x3408021c                Dcm_CfgNetProtocolNotificationInfo
                0x34080220                Dcm_CfgNetBufferInfo
                0x34080228                Dcm_CfgSvc22SupportedIdMask
                0x3408022c                Dcm_CfgSvc2ASchdRateTime
                0x34080238                Dcm_CfgRidMgrRidLookUpTable
                0x34080244                Dcm_CfgDidMgrDidLookUpTable
                0x34080268                Dcm_CfgSvc85SubFuncLookUpTable
                0x3408026c                Dcm_CfgSvc3ESubFuncLookUpTable
                0x34080270                Dcm_CfgSvc2CSubFuncLookUpTable
                0x34080274                Dcm_CfgSvc2ASupportedRatesLookUpTable
                0x3408027c                Dcm_CfgSvc28SubNetIdLookUp
                0x34080280                Dcm_CfgSvc28MessageTypeLookUpTable
                0x34080284                Dcm_CfgSvc28SubFuncLookUpTable
                0x3408028c                Dcm_CfgSvc27SubFuncLookUpTable
                0x34080294                Dcm_CfgSvc19SubFuncLookUpTable
                0x340802a4                Dcm_CfgSvc11SubFuncLookUpTable
                0x340802a8                Dcm_CfgSvc10SubFuncLookUpTable
                0x340802ac                Dcm_CfgDiagSvcIdLookUpTable
                0x340802c0                Dcm_CfgMemMgrMidLookUpTable
                0x340802c4                Dcm_CfgMemMgrAlfidLookUpTable
                0x340802d8                Dcm_CfgNetComCtrlChannelListAll
                0x340802dc                Dcm_CfgNetConnComMChannelMap
                0x340802e0                Dcm_CfgNetPeriodicTxPduInfo
                0x340802e4                Dcm_CfgNetTxPduInfo
 *fill*         0x340802e6        0x2 
 .MSR_CONST     0x340802e8      0x150 obj/external/ap-cp-gateway/Appl/GenData/Dem_Lcfg.o
                0x340802e8                Dem_Cfg_TimeSeriesEntryInit
                0x340802f0                Dem_Cfg_MemoryEntryInit
                0x34080308                Dem_Cfg_MemoryEntry
                0x3408032c                Dem_Cfg_MemoryDataSize
                0x34080340                Dem_Cfg_MemoryDataPtr
                0x34080368                Dem_Cfg_MemoryBlockIdToMemoryEntryId
                0x34080374                Dem_Cfg_MemoryBlockId
                0x34080388                Dem_Cfg_InitMonitorForEvent
                0x34080390                Dem_Cfg_FreezeFrameTable
                0x3408039c                Dem_Cfg_ExtendedDataTable
                0x340803a0                Dem_Cfg_EventTable
                0x340803bc                Dem_Cfg_DtcTable
                0x340803d4                Dem_Cfg_DebounceTable
                0x340803e0                Dem_Cfg_DataElementTableCol2ElmtInd
                0x340803e4                Dem_Cfg_DataElementTable
                0x3408040c                Dem_Cfg_DataCollectionTableFfm2CollInd
                0x34080410                Dem_Cfg_DataCollectionTable
                0x34080430                Dem_Cfg_CycleIdTable
 .MSR_CONST     0x34080438        0x4 obj/external/ap-cp-gateway/Appl/GenData/Det_Cfg.o
                0x34080438                Det_ErrorHookTable
 .MSR_CONST     0x3408043c       0x10 obj/external/ap-cp-gateway/Appl/GenData/EcuM_Cfg.o
                0x3408043c                EcuM_WakeupSourceList
                0x34080448                EcuM_DriverInitOne
 .MSR_CONST     0x3408044c       0x54 obj/external/ap-cp-gateway/Appl/GenData/Fee_Lcfg.o
                0x3408044c                Fee_Config
 .MSR_CONST     0x340804a0       0x25 obj/external/ap-cp-gateway/Appl/GenData/IpduM_Lcfg.o
                0x340804a0                IpduM_TxUpInfo
                0x340804a4                IpduM_TxContainedPdu
                0x340804a8                IpduM_RxInfo
                0x340804ac                IpduM_RxContainerPdu
                0x340804b0                IpduM_RxContainedPdu
                0x340804b4                IpduM_MainFunctionTxIndirection
                0x340804b8                IpduM_MainFunctionRxIndirection
                0x340804bc                IpduM_CTxLoInfo
                0x340804c0                IpduM_CTxContainerPdu
 *fill*         0x340804c5        0x3 
 .MSR_CONST     0x340804c8       0x21 obj/external/ap-cp-gateway/Appl/GenData/MemIf_Cfg.o
                0x340804c8                MemIf_MemHwaApis
                0x340804e8                MemIf_NumberOfDevices
 *fill*         0x340804e9        0x3 
 .MSR_CONST     0x340804ec       0x34 obj/external/ap-cp-gateway/Appl/GenData/Nm_Cfg.o
                0x340804ec                Nm_PartitionIdentifiers
                0x340804f4                Nm_NmFunctionTable
                0x34080514                Nm_ChannelConfig
                0x3408051c                Nm_CarWakeUpCallbackFctPtr
 .MSR_CONST     0x34080520      0x338 obj/external/ap-cp-gateway/Appl/GenData/NvM_Cfg.o
                0x34080520                NvM_BlockDescriptorTable_at
                0x34080850                NvM_CompiledConfigId_t
                0x34080852                NvM_NoOfBlockIds_t
                0x34080854                NvM_CrcQueueSize_u16
                0x34080856                NvM_NoOfCrcBytes_u16
 .MSR_CONST     0x34080858      0x35f obj/external/ap-cp-gateway/Appl/GenData/PduR_Lcfg.o
                0x34080858                PduR_TxIf2Up
                0x3408086c                PduR_Tx2Lo
                0x34080884                PduR_RmTransmitFctPtr
                0x3408088c                PduR_RmSrcRom
                0x340808e4                PduR_RmGDestRom
                0x340809b0                PduR_RmDestRom
                0x340809f4                PduR_RmBufferedIfPropertiesRom
                0x340809f8                PduR_QueueFctPtrRom
                0x34080a0c                PduR_PartitionIdentifiers
                0x34080a10                PduR_MmRom
                0x34080b7c                PduR_LockRom
                0x34080b80                PduR_FmFifoRom
                0x34080b88                PduR_ExclusiveAreaRom
                0x34080b90                PduR_DestApplicationManagerRom
                0x34080b94                PduR_BmTxBufferRom
                0x34080bac                PduR_BmTxBufferIndRom
 *fill*         0x34080bb7        0x1 
 .MSR_CONST     0x34080bb8       0x18 obj/external/ap-cp-gateway/Appl/GenData/Xcp_Lcfg.o
                0x34080bb8                Xcp_TlApi
                0x34080bc4                Xcp_ECcIdMapping
                0x34080bc8                Xcp_SendQueueSize
                0x34080bcc                Xcp_SendQueueRef
 .MSR_CONST     0x34080bd0       0x14 obj/external/ap-cp-gateway/Appl/GenData/src/CDD_Mcl_PBcfg.o
                0x34080bd0                Mcl_Config
 .MSR_CONST     0x34080be4      0x590 obj/external/ap-cp-gateway/Appl/GenData/src/Clock_Ip_PBcfg.o
                0x34080be4                Mcu_aClockConfigPB
 .MSR_CONST     0x34081174      0x37c obj/external/ap-cp-gateway/Appl/GenData/src/Dio_Cfg.o
                0x34081174                Dio_Config
                0x34081184                Dio_aAvailablePinsForRead
                0x3408119c                Dio_aAvailablePinsForWrite
                0x340811b4                Dio_au32PortToPartitionMap
                0x340811e4                Dio_au32ChannelToPartitionMap
                0x340814e0                Dio_au8Port0OffsetInSiul2Instance
                0x340814e4                Dio_au8PortSiul2Instance
 .MSR_CONST     0x340814f0       0xa6 obj/external/ap-cp-gateway/Appl/GenData/src/Fls_PBcfg.o
                0x340814f0                Fls_Config
 *fill*         0x34081596        0x2 
 .MSR_CONST     0x34081598       0x1c obj/external/ap-cp-gateway/Appl/GenData/src/Mcu_PBcfg.o
                0x34081598                Mcu_Config
 .MSR_CONST     0x340815b4     0x12e0 obj/external/ap-cp-gateway/Appl/GenData/src/Port_Cfg.o
                0x340815b4                Port_apInoutMuxSettings
                0x340815bc                Port_apInMuxSettingsIndex
                0x340815c4                Port_apInMuxSettings
                0x340815cc                Port_apSiul2InstancePinModeAvailability
                0x340815d4                Port_au16NumInoutMuxSettings
 .MSR_CONST     0x34082894      0x7b5 obj/external/ap-cp-gateway/Appl/GenData/src/Port_PBcfg.o
                0x34082894                Port_Config
                0x34083048                au8Port_PartitionList
 *fill*         0x34083049        0x3 
 .MSR_CONST     0x3408304c      0x1cc obj/external/ap-cp-gateway/Appl/GenData/src/Power_Ip_PBcfg.o
                0x3408304c                Power_Ip_HwIPsConfigPB
                0x34083064                Power_Ip_aModeConfigPB
                0x34083138                Power_Ip_MC_ME_ModeConfigPB_0
 .MSR_CONST     0x34083218      0x174 obj/external/ap-cp-gateway/Appl/GenData/src/Qspi_Ip_PBcfg.o
                0x34083218                FlsConfigSet_paFlashCfg
                0x34083340                FlsConfigSet_paQspiUnitCfg
                0x34083384                FlsConfigSet_paFlashConnectionCfg
 .MSR_CONST     0x3408338c      0x870 obj/external/ap-cp-gateway/Appl/GenData/src/Siul2_Port_Ip_PBcfg.o
                0x3408338c                g_pin_mux_InitConfigArr
 *(*.MSR_CONST_FAST)
                0x34083bfb                _MSR_CONST_END = ABSOLUTE ((. - 0x1))
                0x34083bfc                _MSR_CONST_LIMIT = ABSOLUTE (.)
                0x3407c400                _MSR_CONST_ALL_START = _MSR_CONST_START
                0x34083bfb                _MSR_CONST_ALL_END = _MSR_CONST_END
                0x34083bfc                _MSR_CONST_ALL_LIMIT = _MSR_CONST_LIMIT

.MSR_PBCFG_CONST
                0x34083bfc        0x0
                0x34083bfc                _MSR_PBCFG_CONST_START = ABSOLUTE (.)
 *(*.MSR_PBCFG_CONST)
 *(*.MSR_PBCFG_CONST_FAST)
                0x34083bfb                _MSR_PBCFG_CONST_END = ABSOLUTE ((. - 0x1))
                0x34083bfc                _MSR_PBCFG_CONST_LIMIT = ABSOLUTE (.)
                0x34083bfc                _MSR_PBCFG_CONST_ALL_START = _MSR_PBCFG_CONST_START
                0x34083bfb                _MSR_PBCFG_CONST_ALL_END = _MSR_PBCFG_CONST_END
                0x34083bfc                _MSR_PBCFG_CONST_ALL_LIMIT = _MSR_PBCFG_CONST_LIMIT

.MSR_PBCFG_VAR_CLEARED
                0x34083bfc        0x0
                0x34083bfc                _MSR_PBCFG_VAR_CLEARED_START = ABSOLUTE (.)
 *(*.MSR_PBCFG_VAR_CLEARED)
 *(*.MSR_PBCFG_VAR_FAST_CLEARED)
                0x34083bfc                . = ALIGN (0x4)
                0x34083bfb                _MSR_PBCFG_VAR_CLEARED_END = ABSOLUTE ((. - 0x1))
                0x34083bfc                _MSR_PBCFG_VAR_CLEARED_LIMIT = ABSOLUTE (.)

.MSR_PBCFG_VAR_INIT
                0x34083bfc        0x0
                0x34083bfc                _MSR_PBCFG_VAR_INIT_START = ABSOLUTE (.)
 *(*.MSR_PBCFG_VAR)
 *(*.MSR_PBCFG_VAR_FAST)
                0x34083bfc                . = ALIGN (0x4)
                0x34083bfb                _MSR_PBCFG_VAR_INIT_END = ABSOLUTE ((. - 0x1))
                0x34083bfc                _MSR_PBCFG_VAR_INIT_LIMIT = ABSOLUTE (.)
                0x34083bfc                _MSR_PBCFG_VAR_INIT_ROM_START = LOADADDR (.MSR_PBCFG_VAR_INIT)
                0x34083bfc                _MSR_PBCFG_VAR_INIT_ROM_LIMIT = (LOADADDR (.MSR_PBCFG_VAR_INIT) + SIZEOF (.MSR_PBCFG_VAR_INIT))

.MSR_PBCFG_VAR_NO_INIT
                0x34083bfc        0x0
                0x34083bfc                _MSR_PBCFG_VAR_NO_INIT_START = ABSOLUTE (.)
 *(*.MSR_PBCFG_VAR_FAST_NO_INIT)
 *(*.MSR_PBCFG_VAR_NO_INIT)
                0x34083bfb                _MSR_PBCFG_VAR_NO_INIT_END = ABSOLUTE ((. - 0x1))
                0x34083bfc                _MSR_PBCFG_VAR_NO_INIT_LIMIT = ABSOLUTE (.)
                0x34083bfc                _MSR_PBCFG_VAR_ALL_START = _MSR_PBCFG_VAR_CLEARED_START
                0x34083bfb                _MSR_PBCFG_VAR_ALL_END = _MSR_PBCFG_VAR_NO_INIT_END
                0x34083bfc                _MSR_PBCFG_VAR_ALL_LIMIT = _MSR_PBCFG_VAR_NO_INIT_LIMIT

.MSR_VAR_CLEARED
                0x34083bfc       0xec
                0x34083bfc                _MSR_VAR_CLEARED_START = ABSOLUTE (.)
 *(*.MSR_VAR_CLEARED)
 .MSR_VAR_CLEARED
                0x34083bfc        0x1 obj/external/Components/CanSM/Implementation/CanSM.o
 .MSR_VAR_CLEARED
                0x34083bfd        0x1 obj/external/Components/NvM/Implementation/NvM_JobProc.o
                0x34083bfd                NvM_TaskState_t
 .MSR_VAR_CLEARED
                0x34083bfe        0x1 obj/external/Components/Xcp/Implementation/Xcp.o
 *fill*         0x34083bff        0x1 
 .MSR_VAR_CLEARED
                0x34083c00       0x30 obj/external/ThirdParty/Mcal_S32x/Supply/SW32G_RTD_4.4_3.0.4/eclipse/plugins/Fls_TS_T40D11M30I4R0/src/Fls.o
                0x34083c04                Fls_u32JobAddrIt
                0x34083c0c                Fls_u32JobSectorIt
                0x34083c1c                Fls_eLLDJobResult
                0x34083c1e                Fls_eLLDJob
                0x34083c20                Fls_pConfigPtr
                0x34083c24                Fls_u32JobSectorEnd
                0x34083c2c                Fls_u32JobAddrEnd
 .MSR_VAR_CLEARED
                0x34083c30       0x1c obj/external/ThirdParty/Mcal_S32x/Supply/SW32G_RTD_4.4_3.0.4/eclipse/plugins/Fls_TS_T40D11M30I4R0/src/Fls_IPW.o
 .MSR_VAR_CLEARED
                0x34083c4c       0x14 obj/external/ThirdParty/Mcal_S32x/Supply/SW32G_RTD_4.4_3.0.4/eclipse/plugins/Fls_TS_T40D11M30I4R0/src/Qspi_Ip.o
 .MSR_VAR_CLEARED
                0x34083c60        0x1 obj/external/ThirdParty/Mcal_S32x/Supply/SW32G_RTD_4.4_3.0.4/eclipse/plugins/Fls_TS_T40D11M30I4R0/src/Qspi_Ip_Controller.o
                0x34083c60                Qspi_Ip_MemoryPadding
 *fill*         0x34083c61        0x1 
 .MSR_VAR_CLEARED
                0x34083c62        0xb obj/external/ThirdParty/Mcal_S32x/Supply/SW32G_RTD_4.4_3.0.4/eclipse/plugins/Fls_TS_T40D11M30I4R0/src/Qspi_Ip_Sfdp.o
 *fill*         0x34083c6d        0x3 
 .MSR_VAR_CLEARED
                0x34083c70        0x4 obj/external/ThirdParty/Mcal_S32x/Supply/SW32G_RTD_4.4_3.0.4/eclipse/plugins/Mcl_TS_T40D11M30I4R0/src/CDD_Mcl.o
 .MSR_VAR_CLEARED
                0x34083c74        0x9 obj/external/ThirdParty/Mcal_S32x/Supply/SW32G_RTD_4.4_3.0.4/eclipse/plugins/Mcu_TS_T40D11M30I4R0/src/Clock_Ip.o
                0x34083c78                Clock_Ip_pxConfig
 *fill*         0x34083c7d        0x3 
 .MSR_VAR_CLEARED
                0x34083c80        0x9 obj/external/ThirdParty/Mcal_S32x/Supply/SW32G_RTD_4.4_3.0.4/eclipse/plugins/Mcu_TS_T40D11M30I4R0/src/Mcu.o
 *fill*         0x34083c89        0x3 
 .MSR_VAR_CLEARED
                0x34083c8c        0x8 obj/external/ThirdParty/Mcal_S32x/Supply/SW32G_RTD_4.4_3.0.4/eclipse/plugins/Mcu_TS_T40D11M30I4R0/src/Power_Ip_MC_RGM.o
 .MSR_VAR_CLEARED
                0x34083c94        0x4 obj/external/ThirdParty/Mcal_S32x/Supply/SW32G_RTD_4.4_3.0.4/eclipse/plugins/Port_TS_T40D11M30I4R0/src/Port.o
 .MSR_VAR_CLEARED
                0x34083c98       0x30 obj/external/ThirdParty/Mcal_S32x/Supply/SW32G_RTD_4.4_3.0.4/eclipse/plugins/Port_TS_T40D11M30I4R0/src/Port_Ipw.o
 .MSR_VAR_CLEARED
                0x34083cc8        0x8 obj/external/ThirdParty/Mcal_S32x/Supply/SW32G_RTD_4.4_3.0.4/eclipse/plugins/Port_TS_T40D11M30I4R0/src/Siul2_Port_Ip.o
 .MSR_VAR_CLEARED
                0x34083cd0        0x1 obj/external/ap-cp-gateway/Appl/GenData/CanNm_Cfg.o
                0x34083cd0                CanNm_ModuleInitialized
 .MSR_VAR_CLEARED
                0x34083cd1        0x1 obj/external/ap-cp-gateway/Appl/GenData/Com_Lcfg.o
                0x34083cd1                Com_Initialized
 *fill*         0x34083cd2        0x2 
 .MSR_VAR_CLEARED
                0x34083cd4       0x10 obj/external/ap-cp-gateway/Appl/GenData/Dem_Lcfg.o
                0x34083cd4                Dem_Cfg_SatelliteInfo0
 .MSR_VAR_CLEARED
                0x34083ce4        0x1 obj/external/ap-cp-gateway/Appl/GenData/IpduM_Lcfg.o
                0x34083ce4                IpduM_Initialized
 *(*.MSR_VAR_FAST_CLEARED)
                0x34083ce8                . = ALIGN (0x4)
 *fill*         0x34083ce5        0x3 
                0x34083ce7                _MSR_VAR_CLEARED_END = ABSOLUTE ((. - 0x1))
                0x34083ce8                _MSR_VAR_CLEARED_LIMIT = ABSOLUTE (.)

.MSR_VAR_INIT   0x34083ce8       0x1c
                0x34083ce8                _MSR_VAR_INIT_START = ABSOLUTE (.)
 *(*.MSR_VAR_FAST_INIT)
 *(*.MSR_VAR_INIT)
 .MSR_VAR_INIT  0x34083ce8        0x1 obj/external/Components/Dem/Implementation/Dem.o
                0x34083ce8                Dem_GlobalConfigPtrInitState
 *fill*         0x34083ce9        0x3 
 .MSR_VAR_INIT  0x34083cec        0x8 obj/external/ThirdParty/Mcal_S32x/Supply/SW32G_RTD_4.4_3.0.4/eclipse/plugins/Dio_TS_T40D11M30I4R0/src/Siul2_Dio_Ip.o
                0x34083cec                Siul2_Dio_Ip_au32BaseAdresses
 .MSR_VAR_INIT  0x34083cf4        0x4 obj/external/ThirdParty/Mcal_S32x/Supply/SW32G_RTD_4.4_3.0.4/eclipse/plugins/Mcu_TS_T40D11M30I4R0/src/Clock_Ip.o
 .MSR_VAR_INIT  0x34083cf8        0x4 obj/external/ThirdParty/Mcal_S32x/Supply/SW32G_RTD_4.4_3.0.4/eclipse/plugins/Mcu_TS_T40D11M30I4R0/src/Power_Ip.o
                0x34083cf8                Power_Ip_pfReportErrorsCallback
 .MSR_VAR_INIT  0x34083cfc        0x8 obj/external/ap-cp-gateway/Appl/Source/ipc-shm/Cdd_Ipc_Lcfg.o
                0x34083cfc                ipcf_shm_instances_cfg
                0x34083d04                . = ALIGN (0x4)
                0x34083d03                _MSR_VAR_INIT_END = ABSOLUTE ((. - 0x1))
                0x34083d04                _MSR_VAR_INIT_LIMIT = ABSOLUTE (.)
                0x34083ce8                _MSR_VAR_INIT_ROM_START = LOADADDR (.MSR_VAR_INIT)
                0x34083d04                _MSR_VAR_INIT_ROM_LIMIT = (LOADADDR (.MSR_VAR_INIT) + SIZEOF (.MSR_VAR_INIT))

.MSR_VAR_NO_INIT
                0x34083d04     0x272c
                0x34083d04                _MSR_VAR_NO_INIT_START = ABSOLUTE (.)
 *(*.MSR_VAR_FAST_NO_INIT)
 *(*.MSR_VAR_NO_INIT)
 .MSR_VAR_NO_INIT
                0x34083d04        0x1 obj/external/Components/CanTp/Implementation/CanTp.o
 *fill*         0x34083d05        0x3 
 .MSR_VAR_NO_INIT
                0x34083d08       0x19 obj/external/Components/CanXcp/Implementation/CanXcp.o
 *fill*         0x34083d21        0x3 
 .MSR_VAR_NO_INIT
                0x34083d24        0x8 obj/external/Components/Can_30_Flexcan4/Implementation/Can_30_Flexcan4.o
 .MSR_VAR_NO_INIT
                0x34083d2c        0x1 obj/external/Components/ComM/Implementation/ComM.o
 *fill*         0x34083d2d        0x3 
 .MSR_VAR_NO_INIT
                0x34083d30      0x194 obj/external/Components/Dcm/Implementation/Dcm.o
                0x34083e80                Dcm_Svc2CNvMData
 .MSR_VAR_NO_INIT
                0x34083ec4        0x1 obj/external/Components/Dcm/Implementation/Dcm_Debug.o
                0x34083ec4                Dcm_DebugInitState
 *fill*         0x34083ec5        0x3 
 .MSR_VAR_NO_INIT
                0x34083ec8        0x1 obj/external/Components/Dcm/Implementation/Dcm_DidMgr.o
 *fill*         0x34083ec9        0x3 
 .MSR_VAR_NO_INIT
                0x34083ecc        0x8 obj/external/Components/Dcm/Implementation/Dcm_Mode.o
 .MSR_VAR_NO_INIT
                0x34083ed4       0x12 obj/external/Components/Dcm/Implementation/Dcm_RsrcMgr.o
 *fill*         0x34083ee6        0x2 
 .MSR_VAR_NO_INIT
                0x34083ee8        0x4 obj/external/Components/Dcm/Implementation/Dcm_State.o
 .MSR_VAR_NO_INIT
                0x34083eec       0x10 obj/external/Components/Dcm/Implementation/Dcm_Svc27.o
 .MSR_VAR_NO_INIT
                0x34083efc       0x7c obj/external/Components/Dcm/Implementation/Dcm_Svc2ASchd.o
 .MSR_VAR_NO_INIT
                0x34083f78       0x18 obj/external/Components/Dcm/Implementation/Dcm_Svc2F.o
 .MSR_VAR_NO_INIT
                0x34083f90        0x1 obj/external/Components/Dcm/Implementation/Dcm_Svc31.o
 *fill*         0x34083f91        0x3 
 .MSR_VAR_NO_INIT
                0x34083f94       0x2c obj/external/Components/Dcm/Implementation/Dcm_Tmr.o
 .MSR_VAR_NO_INIT
                0x34083fc0       0x28 obj/external/Components/Dcm/Implementation/Dcm_Tsk.o
 .MSR_VAR_NO_INIT
                0x34083fe8       0x30 obj/external/Components/Dem/Implementation/Dem.o
                0x34083fe8                Dem_LineOfRuntimeError
                0x34084014                Dem_FileOfRuntimeError
 .MSR_VAR_NO_INIT
                0x34084018        0x1 obj/external/Components/Det/Implementation/Det.o
 *fill*         0x34084019        0x3 
 .MSR_VAR_NO_INIT
                0x3408401c       0x18 obj/external/Components/EcuM/Implementation/EcuM.o
 .MSR_VAR_NO_INIT
                0x34084034      0x4c9 obj/external/Components/Fee/Implementation/Fee.o
                0x34084034                Fee_Globals_t
 .MSR_VAR_NO_INIT
                0x340844fd        0x1 obj/external/Components/Nm/Implementation/Nm.o
 .MSR_VAR_NO_INIT
                0x340844fe        0x1 obj/external/Components/NvM/Implementation/NvM.o
                0x340844fe                NvM_ApiFlags_u8
 .MSR_VAR_NO_INIT
                0x340844ff        0x1 obj/external/Components/NvM/Implementation/NvM_Act.o
 .MSR_VAR_NO_INIT
                0x34084500       0x18 obj/external/Components/NvM/Implementation/NvM_DataIntegrity.o
 .MSR_VAR_NO_INIT
                0x34084518       0x79 obj/external/Components/NvM/Implementation/NvM_JobProc.o
                0x34084518                NvM_JobSubState_t
                0x3408451c                NvM_SecondaryRedundantBlockDataIntegrityRecord
                0x34084520                NvM_DcmBlockMngmt_t
                0x34084524                NvM_BlockMngmtArea_at
                0x34084548                NvM_CurrentBlockInfo_t
                0x34084590                NvM_JobMainState_t
 *fill*         0x34084591        0x3 
 .MSR_VAR_NO_INIT
                0x34084594        0xc obj/external/Components/NvM/Implementation/NvM_Queue.o
                0x34084598                NvM_CurrentJob_t
 .MSR_VAR_NO_INIT
                0x340845a0      0x5aa obj/external/Components/Xcp/Implementation/Xcp.o
                0x340845c0                Xcp_ChannelInfo
 *fill*         0x34084b4a        0x2 
 .MSR_VAR_NO_INIT
                0x34084b4c       0x55 obj/external/ap-cp-gateway/Appl/GenData/BswM_Lcfg.o
                0x34084b4c                BswM_CanSMChannelState
                0x34084b4d                BswM_PreInitialized
                0x34084b50                BswM_RuleStates
                0x34084b60                BswM_GenericState
                0x34084b68                BswM_QueueWritten
                0x34084b69                BswM_Mode_Notification_ESH_ModeNotification_BswM_MDGP_ESH_Mode
                0x34084b6a                BswM_Switch_ESH_ModeSwitch_BswM_MDGP_ESH_Mode
                0x34084b6c                BswM_ModeRequestQueue
                0x34084b6f                Request_ESH_RunRequest_0_requestedMode
                0x34084b70                BswM_NvMJobState
                0x34084b71                Request_ESH_RunRequest_1_requestedMode
                0x34084b72                BswM_ForcedActionListPriority
                0x34084b74                BswM_TimerState
                0x34084b77                Request_ESH_PostRunRequest_0_requestedMode
                0x34084b78                BswM_ActionListQueue
                0x34084b8c                Request_ESH_PostRunRequest_1_requestedMode
                0x34084b8d                BswM_QueueSemaphore
                0x34084b90                BswM_ComMChannelState
                0x34084b94                BswM_TimerValue
                0x34084ba0                BswM_Initialized
 *fill*         0x34084ba1        0x3 
 .MSR_VAR_NO_INIT
                0x34084ba4       0x61 obj/external/ap-cp-gateway/Appl/GenData/CanIf_Lcfg.o
                0x34084ba4                CanIf_CtrlStates
                0x34084ba8                CanIf_TxQueue
                0x34084c04                CanIf_TxBufferPrioByCanIdBase
 *fill*         0x34084c05        0x3 
 .MSR_VAR_NO_INIT
                0x34084c08       0x48 obj/external/ap-cp-gateway/Appl/GenData/CanNm_Cfg.o
                0x34084c08                CanNm_NetworkRestartFlag
                0x34084c0c                CanNm_TxControlStateRequest
                0x34084c10                CanNm_CoordReadyToSleepState
                0x34084c14                CanNm_MsgTimer
                0x34084c18                CanNm_TxControlState
                0x34084c1c                CanNm_CommState
                0x34084c20                CanNm_MsgTimeoutTimer
                0x34084c24                CanNm_TimeoutTimer
                0x34084c28                CanNm_MsgRequest
                0x34084c2c                CanNm_RxMessageData
                0x34084c34                CanNm_MsgIndicationFlag
                0x34084c38                CanNm_RepeatMsgTimer
                0x34084c3c                CanNm_WaitBusSleepTimer
                0x34084c40                CanNm_MsgConfirmationFlag
                0x34084c44                CanNm_NmState
                0x34084c48                CanNm_TxMessageData
 .MSR_VAR_NO_INIT
                0x34084c50       0x12 obj/external/ap-cp-gateway/Appl/GenData/CanSM_Lcfg.o
                0x34084c50                CanSM_ChannelVarRecord
 *fill*         0x34084c62        0x2 
 .MSR_VAR_NO_INIT
                0x34084c64       0x5a obj/external/ap-cp-gateway/Appl/GenData/CanTp_Lcfg.o
                0x34084c64                CanTp_RxState
                0x34084c9c                CanTp_CalcBS
                0x34084ca0                CanTp_TxState
                0x34084cbc                CanTp_TxSemaphores
 *fill*         0x34084cbe        0x2 
 .MSR_VAR_NO_INIT
                0x34084cc0       0x88 obj/external/ap-cp-gateway/Appl/GenData/Can_30_Flexcan4_Lcfg.o
                0x34084cc0                Can_30_Flexcan4_ControllerData
                0x34084d44                Can_30_Flexcan4_ActiveSendObject
 .MSR_VAR_NO_INIT
                0x34084d48       0x21 obj/external/ap-cp-gateway/Appl/GenData/ComM_Lcfg.o
                0x34084d48                ComM_BusSmState
                0x34084d4c                ComM_NmStartUpIndicated
                0x34084d50                ComM_BusComModeReq
                0x34084d51                ComM_InitStatus
                0x34084d54                ComM_ActiveComMode
                0x34084d58                ComM_EcuMWakeUpIndicated
                0x34084d5c                ComM_DcmRequestActive
                0x34084d60                ComM_UserReqFullCom
                0x34084d64                ComM_ComAllowed
                0x34084d68                ComM_PostInitialized
 *fill*         0x34084d69        0x3 
 .MSR_VAR_NO_INIT
                0x34084d6c       0xc2 obj/external/ap-cp-gateway/Appl/GenData/Com_Lcfg.o
                0x34084d6c                Com_HandleRxPduDeferred
                0x34084d74                Com_TmpRxShdBufferUInt8
                0x34084d7c                Com_CyclicSendRequest
                0x34084d84                Com_TmpRxShdBufferUInt32
                0x34084d88                Com_RxIPduGroupISRLockCounter
                0x34084d8c                Com_TxPduGrpActive
                0x34084d94                Com_RxDefPduBuffer
                0x34084dac                Com_TxIPduGroupISRLockCounter
                0x34084db0                Com_RxSigBufferUInt32
                0x34084dbc                Com_IPduGroupState
                0x34084dc0                Com_TransmitRequest
                0x34084dc8                Com_RxPduGrpActive
                0x34084dcc                Com_TxSduLength
                0x34084dd8                Com_RxMainFunctionProcessingISRLockCounter
                0x34084ddc                Com_CycleTimeCnt
                0x34084de4                Com_TxProcessingISRLockCounter
                0x34084de8                Com_SigGrpEventFlag
                0x34084dec                Com_CurrentTxMode
                0x34084df4                Com_RxSigBufferUInt8
                0x34084e04                Com_TxBuffer
                0x34084e2c                Com_RxSigBufferUInt16
 *fill*         0x34084e2e        0x2 
 .MSR_VAR_NO_INIT
                0x34084e30      0xfff obj/external/ap-cp-gateway/Appl/GenData/Dcm_Lcfg.o
 *fill*         0x34085e2f        0x1 
 .MSR_VAR_NO_INIT
                0x34085e30      0x1c9 obj/external/ap-cp-gateway/Appl/GenData/Dem_Lcfg.o
                0x34085e30                Dem_Cfg_ClearDTCTable
                0x34085e34                Dem_Cfg_MemoryStatus
                0x34085e40                Dem_Cfg_FilterInfoTable
                0x34085e5c                Dem_Cfg_EventDataCommitNumber
                0x34085e60                Dem_Cfg_IndicatorEventCounters
                0x34085e64                Dem_Cfg_PrimaryChronology
                0x34085e6c                Dem_Cfg_EnableConditionFulfilled
                0x34085e70                Dem_Cfg_PrimaryEntry_4
                0x34085e88                Dem_Cfg_PrimaryEntry_7
                0x34085ea0                Dem_Cfg_ExtendedDataRecordIteratorTable
                0x34085eb0                Dem_Cfg_PrimaryEntry_1
                0x34085ec8                Dem_Cfg_ReadoutBuffer
                0x34085f0c                Dem_Cfg_EventInternalStatus
                0x34085f10                Dem_Cfg_PrimaryEntry_0
                0x34085f28                Dem_Cfg_CommitBuffer
                0x34085f40                Dem_Cfg_EnableConditionGroupCounter
                0x34085f44                Dem_Cfg_PrimaryEntry_6
                0x34085f5c                Dem_Cfg_EventDebounceValue
                0x34085f64                Dem_Cfg_MemoryCurrentCount
                0x34085f68                Dem_Cfg_EnableConditionGroupState
                0x34085f6c                Dem_Cfg_FreezeFrameIteratorTable
                0x34085f7c                Dem_Cfg_PrimaryEntry_3
                0x34085f94                Dem_Cfg_PrimaryEntry_5
                0x34085fac                Dem_Cfg_AdminData
                0x34085fbc                Dem_Cfg_DTCSelectorTable
                0x34085fcc                Dem_Cfg_StatusData
                0x34085fdc                Dem_Cfg_PrimaryEntry_2
                0x34085ff4                Dem_Cfg_ReportedEventsOfFilter
                0x34085ff8                Dem_Cfg_FilterReportedEvents
 .MSR_VAR_NO_INIT
                0x34085ff9        0x1 obj/external/ap-cp-gateway/Appl/GenData/EcuM_Cfg.o
                0x34085ff9                EcuM_ModuleState
 *fill*         0x34085ffa        0x2 
 .MSR_VAR_NO_INIT
                0x34085ffc       0x24 obj/external/ap-cp-gateway/Appl/GenData/Fee_Lcfg.o
 .MSR_VAR_NO_INIT
                0x34086020       0x35 obj/external/ap-cp-gateway/Appl/GenData/IpduM_Lcfg.o
                0x34086020                IpduM_ContainerTxConfirmationBuffer
                0x34086024                IpduM_VTxContainerPdu
                0x34086028                IpduM_VRequestQueueInfo
                0x3408602c                IpduM_VContainerTxConfirmationBufferInfo
                0x34086030                IpduM_RxContainerMainFunctionBuffer
                0x3408603c                IpduM_RequestQueueBuffer
                0x34086044                IpduM_ContainerTxLIBBuffer
                0x34086054                IpduM_VTxLoInfo
 *fill*         0x34086055        0x3 
 .MSR_VAR_NO_INIT
                0x34086058        0x2 obj/external/ap-cp-gateway/Appl/GenData/Nm_Cfg.o
                0x34086058                Nm_PostInitialized
                0x34086059                Nm_Initialized
 *fill*         0x3408605a        0x2 
 .MSR_VAR_NO_INIT
                0x3408605c       0x90 obj/external/ap-cp-gateway/Appl/GenData/NvM_Cfg.o
                0x34086080                NvM_JobQueue_at
                0x340860e8                NvM_InternalBuffer_au8
 .MSR_VAR_NO_INIT
                0x340860ec       0xd8 obj/external/ap-cp-gateway/Appl/GenData/PduR_Lcfg.o
                0x340860ec                PduR_RmBufferedIfPropertiesRam
                0x340860f0                PduR_InitializedRam
                0x340860f4                PduR_FmFifoInstanceRam
                0x340860f6                PduR_PreInitialized
                0x340860f8                PduR_RmGDestTpTxStateRam
                0x340860fc                PduR_BmTxBufferInstanceRam
                0x34086128                PduR_BmTxBufferArrayRam
                0x34086158                PduR_FmFifoRam
                0x34086164                PduR_FmFifoElementRam
                0x3408616c                PduR_BmTxBufferRam
 .MSR_VAR_NO_INIT
                0x340861c4        0x1 obj/external/ap-cp-gateway/Appl/GenData/Rte.o
                0x340861c4                Rte_ModeMachine_BswM_Switch_ESH_ModeSwitch_BswM_MDGP_ESH_Mode
 *fill*         0x340861c5        0x3 
 .MSR_VAR_NO_INIT
                0x340861c8      0x204 obj/external/ap-cp-gateway/Appl/GenData/Xcp_Lcfg.o
 .MSR_VAR_NO_INIT
                0x340863cc        0x1 obj/external/ap-cp-gateway/Appl/Source/BrsMain.o
 *fill*         0x340863cd        0x3 
 .MSR_VAR_NO_INIT
                0x340863d0        0x8 obj/external/ap-cp-gateway/Appl/Source/XcpAppl.o
                0x340863d0                XcpAppl_ConnectionState
                0x340863d4                XcpAppl_FrConfigParameter
 .MSR_VAR_NO_INIT
                0x340863d8       0x58 obj/external/ap-cp-gateway/Appl/Source/ipc-shm/Cdd_Ipc.o
                0x340863d8                ipcfContexts
                0x340863f0                rxBuffer
                0x3408642f                _MSR_VAR_NO_INIT_END = ABSOLUTE ((. - 0x1))
                0x34086430                _MSR_VAR_NO_INIT_LIMIT = ABSOLUTE (.)
                0x34083bfc                _MSR_VAR_ALL_START = _MSR_VAR_CLEARED_START
                0x3408642f                _MSR_VAR_ALL_END = _MSR_VAR_NO_INIT_END
                0x34086430                _MSR_VAR_ALL_LIMIT = _MSR_VAR_NO_INIT_LIMIT

.MSR_VAR_SAVED_ZONE_INIT
                0x34086430        0x0
                0x34086430                _MSR_VAR_SAVED_ZONE_INIT_START = ABSOLUTE (.)
 *(*.MSR_VAR_SAVED_ZONE_FAST_INIT)
 *(*.MSR_VAR_SAVED_ZONE_INIT)
                0x34086430                . = ALIGN (0x4)
                0x3408642f                _MSR_VAR_SAVED_ZONE_INIT_END = ABSOLUTE ((. - 0x1))
                0x34086430                _MSR_VAR_SAVED_ZONE_INIT_LIMIT = ABSOLUTE (.)
                0x34086430                _MSR_VAR_SAVED_ZONE_INIT_ROM_START = LOADADDR (.MSR_VAR_SAVED_ZONE_INIT)
                0x34086430                _MSR_VAR_SAVED_ZONE_INIT_ROM_LIMIT = (LOADADDR (.MSR_VAR_SAVED_ZONE_INIT) + SIZEOF (.MSR_VAR_SAVED_ZONE_INIT))

.MSR_VAR_SAVED_ZONE_NO_INIT
                0x34086430        0x6
                0x34086430                _MSR_VAR_SAVED_ZONE_NO_INIT_START = ABSOLUTE (.)
 *(*.MSR_VAR_SAVED_ZONE_FAST_NO_INIT)
 *(*.MSR_VAR_SAVED_ZONE_NO_INIT)
 .MSR_VAR_SAVED_ZONE_NO_INIT
                0x34086430        0x6 obj/external/ap-cp-gateway/Appl/GenData/ComM_Lcfg.o
                0x34086430                ComM_Inhibition
                0x34086435                _MSR_VAR_SAVED_ZONE_NO_INIT_END = ABSOLUTE ((. - 0x1))
                0x34086436                _MSR_VAR_SAVED_ZONE_NO_INIT_LIMIT = ABSOLUTE (.)
                0x34086430                _MSR_VAR_SAVED_ZONE_ALL_START = _MSR_VAR_SAVED_ZONE_INIT_START
                0x34086435                _MSR_VAR_SAVED_ZONE_ALL_END = _MSR_VAR_SAVED_ZONE_NO_INIT_END
                0x34086436                _MSR_VAR_SAVED_ZONE_ALL_LIMIT = _MSR_VAR_SAVED_ZONE_NO_INIT_LIMIT

.OS_CODE        0x34086438     0x69c8
                0x34086438                _OS_CODE_START = ABSOLUTE (.)
 *(*.OS_CODE)
 .OS_CODE       0x34086438        0x2 obj/external/Components/Os/Implementation/Os_Hal_Compiler_TiInt.o
 *fill*         0x3408643a        0x2 
 .OS_CODE       0x3408643c      0x300 obj/external/Components/Os/Implementation/Os_Hal_ContextAsm.o
                0x3408652c                Os_Hal_StartNewThread
                0x3408653c                Os_Hal_StorePermanentRegisters
                0x34086542                Os_Hal_SysCallHandler
                0x34086600                Os_Hal_UnhandledIRQ
                0x34086646                Os_Hal_UnhandledEXC
                0x340866a2                Os_Hal_MemFault
 .OS_CODE       0x3408673c        0x0 obj/external/ap-cp-gateway/Appl/GenData/Os_Hal_EntryAsm_Lcfg.o
 .OS_CODE       0x3408673c        0x8 obj/external/Components/Os/Implementation/Os_AccessCheck.o
                0x3408673c                Os_Api_CheckTaskMemoryAccess
                0x34086740                Os_Api_CheckISRMemoryAccess
 .OS_CODE       0x34086744      0x4f4 obj/external/Components/Os/Implementation/Os_Alarm.o
                0x34086744                Os_AlarmInit
                0x3408677a                Os_AlarmKill
                0x34086794                Os_AlarmActionSetEvent
                0x340867da                Os_AlarmActionActivateTask
                0x340867e0                Os_AlarmActionIncrementCounter
                0x340867e6                Os_AlarmActionCallback
                0x340867ec                Os_AlarmGetAlarmLocal
                0x3408684c                Os_AlarmSetRelAlarmLocal
                0x3408689c                Os_AlarmSetAbsAlarmLocal
                0x340868e4                Os_AlarmCancelAlarmLocal
                0x34086904                Os_Api_GetAlarmBase
                0x3408696c                Os_Api_GetAlarm
                0x34086a3c                Os_Api_SetRelAlarm
                0x34086af8                Os_Api_SetAbsAlarm
                0x34086bac                Os_Api_CancelAlarm
 .OS_CODE       0x34086c38      0x3d4 obj/external/Components/Os/Implementation/Os_Application.o
                0x34086d0e                Os_AppServicesInit
                0x34086d1e                Os_AppInit
                0x34086dac                Os_AppKill
                0x34086db2                Os_AppKillNoSuicide
                0x34086ea4                Os_Api_GetApplicationID
                0x34086ec8                Os_Api_GetCurrentApplicationID
                0x34086eec                Os_Api_GetApplicationState
                0x34086f54                Os_Api_CheckObjectAccess
                0x34086f58                Os_Api_CheckObjectOwnership
                0x34086fdc                Os_Api_AllowAccess
                0x34086fec                Os_Api_TerminateApplication
                0x34086ffc                Os_AppTerminateApplicationLocal
                0x34087002                Os_AppGetApplicationStateLocal
 .OS_CODE       0x3408700c       0x28 obj/external/Components/Os/Implementation/Os_Barrier.o
                0x3408700c                Os_BarrierInit
                0x34087016                Os_BarrierAttach
                0x34087018                Os_BarrierAttachUserBarrier
                0x3408701a                Os_BarrierDetach
                0x34087022                Os_BarrierSynchronizeInternal
                0x34087024                Os_Api_BarrierSynchronize
 .OS_CODE       0x34087034      0x8b8 obj/external/Components/Os/Implementation/Os_Core.o
                0x340871c0                Os_CoreShutdownAllLocal
                0x340871c8                Os_SystemShutdown
                0x340871f4                Os_Task_Os_IdleTask
                0x340871f8                Os_Api_GetVersionInfo
                0x34087208                Os_Api_GetExceptionContext
                0x34087250                Os_Api_SetExceptionContext
                0x34087256                Os_Api_GetExceptionAddress
                0x34087274                Os_Api_InitMemory
                0x34087276                Os_Api_Init
                0x340873e0                Os_Api_InitInterruptOnly
                0x340873e2                Os_Api_EnterPreStartTask
                0x340873f0                Os_CorePreStartTaskWrapper
                0x34087458                Os_Api_StartCore
                0x3408745e                Os_Api_StartNonAutosarCore
                0x34087464                Os_Api_GetCoreID
                0x34087470                Os_Api_GetNumberOfActivatedCores
                0x340874a0                Os_Api_GetActiveApplicationMode
                0x340874c4                Os_Api_StartOS
                0x34087500                Os_CoreInitHook
                0x3408768c                Os_Api_ShutdownOS
                0x340876c8                Os_Api_ShutdownAllCores
                0x34087704                Os_UnhandledIrq
                0x34087730                Os_Api_GetUnhandledIrq
                0x34087768                Os_UnhandledExc
                0x340877ac                Os_Api_GetUnhandledExc
                0x340877e8                Os_Api_GetCoreStartState
                0x34087850                Os_UnhandledSysCall
                0x34087870                Os_CoreControlIdle
                0x3408787a                Os_Api_ControlIdle
 .OS_CODE       0x340878ec      0xdd8 obj/external/Components/Os/Implementation/Os_Counter.o
                0x340878ec                Os_CounterGetValue
                0x340879a0                Os_CounterGetModulo
                0x340879f8                Os_CounterSub
                0x34087a06                Os_CounterInit
                0x34087a64                Os_CounterStart
                0x34087ba8                Os_CounterGetUserValueLocal
                0x34087c70                Os_CounterWorkJobs
                0x34087f9a                Os_CounterAddRelJob
                0x34088110                Os_CounterAddAbsJob
                0x340882e2                Os_CounterReloadJob
                0x340883fa                Os_CounterDeleteJob
                0x34088586                Os_CounterIncrementInternal
                0x34088590                Os_Api_IncrementCounter
                0x340885a0                Os_Api_GetCounterValue
                0x34088614                Os_Api_GetElapsedValue
 .OS_CODE       0x340886c4      0x6fc obj/external/Components/Os/Implementation/Os_Error.o
                0x340886f8                Os_ErrInit
                0x34088706                Os_ErrorGetParameter_AlarmType
                0x34088730                Os_ErrorGetParameter_AlarmBaseRefType
                0x3408875a                Os_ErrorGetParameter_ApplicationStateRefType
                0x34088784                Os_ErrorGetParameter_ApplicationType
                0x340887ae                Os_ErrorGetParameter_boolean
                0x340887d8                Os_ErrorGetParameter_booleanRefType
                0x34088802                Os_ErrorGetParameter_CoreIdType
                0x3408882c                Os_ErrorGetParameter_ExceptionContextRefType
                0x34088856                Os_ErrorGetParameter_CounterType
                0x34088880                Os_ErrorGetParameter_EventMaskType
                0x340888aa                Os_ErrorGetParameter_EventMaskRefType
                0x340888d4                Os_ErrorGetParameter_IdleModeType
                0x340888fe                Os_ErrorGetParameter_ISRType
                0x34088928                Os_ErrorGetParameter_ResourceType
                0x34088952                Os_ErrorGetParameter_InterruptSourceIdRefType
                0x3408897c                Os_ErrorGetParameter_ExceptionSourceIdRefType
                0x340889a6                Os_ErrorGetParameter_RestartType
                0x340889d0                Os_ErrorGetParameter_ScheduleTableStatusRefType
                0x340889fa                Os_ErrorGetParameter_ScheduleTableType
                0x34088a24                Os_ErrorGetParameter_SpinlockIdType
                0x34088a4e                Os_ErrorGetParameter_TaskRefType
                0x34088a78                Os_ErrorGetParameter_TaskStateRefType
                0x34088aa2                Os_ErrorGetParameter_BarrierIdType
                0x34088acc                Os_ErrorGetParameter_TaskType
                0x34088af6                Os_ErrorGetParameter_TickRefType
                0x34088b20                Os_ErrorGetParameter_TickType
                0x34088b4a                Os_ErrorGetParameter_TrustedFunctionIndexType
                0x34088b74                Os_ErrorGetParameter_TrustedFunctionParameterRefType
                0x34088b9e                Os_ErrorGetParameter_FastTrustedFunctionIndexType
                0x34088bc8                Os_ErrorGetParameter_FastTrustedFunctionParameterRefType
                0x34088bf2                Os_ErrorGetParameter_Os_NonTrustedFunctionIndexType
                0x34088c1c                Os_ErrorGetParameter_Os_NonTrustedFunctionParameterRefType
                0x34088c46                Os_ErrorGetParameter_TryToGetSpinlockRefType
                0x34088c70                Os_ErrApplicationError
                0x34088cfc                Os_ErrProtectionError
                0x34088d04                Os_Api_GetDetailedError
                0x34088d40                Os_Api_ErrorGetServiceId
                0x34088d64                Os_ErrKernelPanic
                0x34088d7e                Os_ErrProtectionException
 .OS_CODE       0x34088dc0      0x3d0 obj/external/Components/Os/Implementation/Os_Event.o
                0x34088dc0                Os_Api_ClearEvent
                0x34088e3c                Os_Api_WaitEvent
                0x34088f6c                Os_EventSetLocal
                0x34088fe2                Os_Api_SetEvent
                0x340890e8                Os_EventSetInternal
                0x340890f8                Os_EventGetLocal
                0x34089124                Os_Api_GetEvent
 .OS_CODE       0x34089190      0x100 obj/external/Components/Os/Implementation/Os_Hal_Context.o
                0x34089190                Os_Hal_ContextSwitch
                0x340891e0                Os_Hal_ContextCall
                0x34089240                Os_Hal_ContextCallOnStack
 .OS_CODE       0x34089290       0x38 obj/external/Components/Os/Implementation/Os_Hal_Core.o
                0x34089290                Os_Hal_CoreInit
                0x340892c0                Os_Hal_CoreInitHardware
                0x340892c2                Os_Hal_CoreFreeze
 .OS_CODE       0x340892c8      0x500 obj/external/Components/Os/Implementation/Os_Hook.o
                0x340893ec                Os_HookReturn
                0x34089534                Os_HookGetStatus
                0x3408953c                Os_HookInfoInit
                0x34089542                Os_HookInit
                0x340895b8                Os_HookCallStatusHook
                0x340896f4                Os_HookWrapperStatusHook
                0x34089704                Os_HookCallOs_CoreInitHook
                0x34089778                Os_HookWrapperOs_CoreInitHook
                0x340897a4                Os_HookWrapperProtectionHook
                0x340897aa                Os_HookCallProtectionHook
                0x340897ae                Os_HookCallCallback
                0x340897b2                Os_HookCallCallbackLocal
                0x340897b8                Os_HookWrapperCallback
                0x340897be                Os_HookKill
                0x340897c4                Os_HookCallPanicHook
 .OS_CODE       0x340897c8      0x198 obj/external/Components/Os/Implementation/Os_Interrupt.o
                0x340897c8                Os_InterruptInit
                0x340897d8                Os_Api_DisableAllInterrupts
                0x34089814                Os_Api_EnableAllInterrupts
                0x34089840                Os_Api_SuspendAllInterrupts
                0x34089884                Os_Api_ResumeAllInterrupts
                0x340898b4                Os_Api_SuspendOSInterrupts
                0x340898f0                Os_Api_ResumeOSInterrupts
                0x34089920                Os_Api_DisableGlobal
                0x34089930                Os_Api_EnableGlobal
                0x34089940                Os_Api_DisableLevel
                0x34089950                Os_Api_EnableLevel
 .OS_CODE       0x34089960       0x8a obj/external/Components/Os/Implementation/Os_Ioc.o
                0x34089960                Os_IocInitInternal
                0x34089966                Os_Ioc08MultiReceive
                0x3408996c                Os_Ioc08Receive
                0x34089972                Os_Ioc08EmptyQueue
                0x34089978                Os_Ioc08EmptyMultiQueue
                0x3408997e                Os_Ioc08Send
                0x34089984                Os_Ioc16MultiReceive
                0x3408998a                Os_Ioc16EmptyMultiQueue
                0x34089990                Os_Ioc16Receive
                0x34089996                Os_Ioc16EmptyQueue
                0x3408999c                Os_Ioc16Send
                0x340899a2                Os_Ioc32MultiReceive
                0x340899a8                Os_Ioc32Receive
                0x340899ae                Os_Ioc32EmptyQueue
                0x340899b4                Os_Ioc32EmptyMultiQueue
                0x340899ba                Os_Ioc32Send
                0x340899c0                Os_IocRefMultiReceive
                0x340899c6                Os_IocRefReceive
[...]
 .debug_ranges  0x00027e88       0x30 obj/external/ThirdParty/Mcal_S32x/Supply/SW32G_RTD_4.4_3.0.4/eclipse/plugins/Port_TS_T40D11M30I4R0/src/Siul2_Port_Ip.o
 .debug_ranges  0x00027eb8      0x540 obj/external/ap-cp-gateway/Appl/GenData/Dcm_Lcfg.o
 .debug_ranges  0x000283f8       0x10 obj/external/ap-cp-gateway/Appl/GenData/Fee_Lcfg.o
 .debug_ranges  0x00028408       0x18 obj/external/ap-cp-gateway/Appl/GenData/Rte.o
 .debug_ranges  0x00028420       0x18 obj/external/ap-cp-gateway/Appl/Source/BrsHw.o
 .debug_ranges  0x00028438       0x20 obj/external/ap-cp-gateway/Appl/Source/BrsMain.o
 .debug_ranges  0x00028458       0x20 obj/external/ap-cp-gateway/Appl/Source/BrsMainStartup.o
 .debug_ranges  0x00028478       0x10 obj/external/ap-cp-gateway/Appl/Source/Os_Callout_Stubs.o
 .debug_ranges  0x00028488       0x18 obj/external/ap-cp-gateway/Appl/Source/XcpAppl.o
 .debug_ranges  0x000284a0      0x110 obj/external/ap-cp-gateway/Appl/Source/ipc-shm/common/ipc-shm.o
 .debug_ranges  0x000285b0       0x20 obj/external/ap-cp-gateway/Appl/Source/ipc-shm/os/autosar/ipc-os-autosar.o

.debug_frame    0x00000000    0x1404c
 .debug_frame   0x00000000      0x1f4 obj/external/Components/BswM/Implementation/BswM.o
 .debug_frame   0x000001f4      0x258 obj/external/Components/CanIf/Implementation/CanIf.o
 .debug_frame   0x0000044c      0x1f4 obj/external/Components/CanNm/Implementation/CanNm.o
 .debug_frame   0x00000640      0x23c obj/external/Components/CanSM/Implementation/CanSM.o
 .debug_frame   0x0000087c      0x2fc obj/external/Components/CanTp/Implementation/CanTp.o
 .debug_frame   0x00000b78       0xe8 obj/external/Components/CanXcp/Implementation/CanXcp.o
 .debug_frame   0x00000c60      0x2e4 obj/external/Components/Can_30_Flexcan4/Implementation/Can_30_Flexcan4.o
 .debug_frame   0x00000f44       0x48 obj/external/Components/Can_30_Flexcan4/Implementation/Can_30_Flexcan4_Irq.o
 .debug_frame   0x00000f8c      0x240 obj/external/Components/Com/Implementation/Com.o
 .debug_frame   0x000011cc       0xa8 obj/external/Components/Com/Implementation/Com_Buffers.o
 .debug_frame   0x00001274       0x94 obj/external/Components/Com/Implementation/Com_Deserializer.o
 .debug_frame   0x00001308      0x1c0 obj/external/Components/Com/Implementation/Com_IPduGroupHdlr.o
 .debug_frame   0x000014c8       0xac obj/external/Components/Com/Implementation/Com_LLIf.o
 .debug_frame   0x00001574       0x84 obj/external/Components/Com/Implementation/Com_LMgt.o
 .debug_frame   0x000015f8       0x5c obj/external/Components/Com/Implementation/Com_MainFunctions.o
 .debug_frame   0x00001654       0xf4 obj/external/Components/Com/Implementation/Com_RxProcessing.o
 .debug_frame   0x00001748       0x64 obj/external/Components/Com/Implementation/Com_Serializer.o
 .debug_frame   0x000017ac       0x94 obj/external/Components/Com/Implementation/Com_SignalIf.o
 .debug_frame   0x00001840       0xa4 obj/external/Components/Com/Implementation/Com_TxModeHdlr.o
 .debug_frame   0x000018e4      0x474 obj/external/Components/ComM/Implementation/ComM.o
 .debug_frame   0x00001d58      0x128 obj/external/Components/Crc/Implementation/Crc.o
 .debug_frame   0x00001e80      0xd90 obj/external/Components/Dcm/Implementation/Dcm.o
 .debug_frame   0x00002c10       0x50 obj/external/Components/Dcm/Implementation/Dcm_Debug.o
 .debug_frame   0x00002c60       0x58 obj/external/Components/Dcm/Implementation/Dcm_DemIf.o
 .debug_frame   0x00002cb8      0x270 obj/external/Components/Dcm/Implementation/Dcm_DidMgr.o
 .debug_frame   0x00002f28       0xa0 obj/external/Components/Dcm/Implementation/Dcm_MemMgr.o
 .debug_frame   0x00002fc8       0xf4 obj/external/Components/Dcm/Implementation/Dcm_Mode.o
 .debug_frame   0x000030bc       0x58 obj/external/Components/Dcm/Implementation/Dcm_ObdIdMgr.o
 .debug_frame   0x00003114       0x90 obj/external/Components/Dcm/Implementation/Dcm_Repeater.o
 .debug_frame   0x000031a4       0x94 obj/external/Components/Dcm/Implementation/Dcm_RidMgr.o
 .debug_frame   0x00003238       0xdc obj/external/Components/Dcm/Implementation/Dcm_RsrcMgr.o
 .debug_frame   0x00003314      0x160 obj/external/Components/Dcm/Implementation/Dcm_State.o
 .debug_frame   0x00003474       0xb8 obj/external/Components/Dcm/Implementation/Dcm_Svc11.o
 .debug_frame   0x0000352c       0x8c obj/external/Components/Dcm/Implementation/Dcm_Svc14.o
 .debug_frame   0x000035b8      0x234 obj/external/Components/Dcm/Implementation/Dcm_Svc19.o
 .debug_frame   0x000037ec      0x398 obj/external/Components/Dcm/Implementation/Dcm_Svc19Uti.o
 .debug_frame   0x00003b84       0x58 obj/external/Components/Dcm/Implementation/Dcm_Svc22.o
 .debug_frame   0x00003bdc       0x44 obj/external/Components/Dcm/Implementation/Dcm_Svc23.o
 .debug_frame   0x00003c20       0xb8 obj/external/Components/Dcm/Implementation/Dcm_Svc27.o
 .debug_frame   0x00003cd8       0xdc obj/external/Components/Dcm/Implementation/Dcm_Svc28.o
 .debug_frame   0x00003db4       0x9c obj/external/Components/Dcm/Implementation/Dcm_Svc2A.o
 .debug_frame   0x00003e50      0x188 obj/external/Components/Dcm/Implementation/Dcm_Svc2ASchd.o
 .debug_frame   0x00003fd8       0x5c obj/external/Components/Dcm/Implementation/Dcm_Svc2E.o
 .debug_frame   0x00004034       0xec obj/external/Components/Dcm/Implementation/Dcm_Svc2F.o
 .debug_frame   0x00004120       0x48 obj/external/Components/Dcm/Implementation/Dcm_Svc31.o
 .debug_frame   0x00004168       0x40 obj/external/Components/Dcm/Implementation/Dcm_Svc3D.o
 .debug_frame   0x000041a8       0x2c obj/external/Components/Dcm/Implementation/Dcm_Svc3E.o
 .debug_frame   0x000041d4       0xd4 obj/external/Components/Dcm/Implementation/Dcm_Svc85.o
 .debug_frame   0x000042a8       0xf0 obj/external/Components/Dcm/Implementation/Dcm_Tmr.o
 .debug_frame   0x00004398      0x14c obj/external/Components/Dcm/Implementation/Dcm_Tsk.o
 .debug_frame   0x000044e4      0x1e8 obj/external/Components/Dcm/Implementation/Dcm_Uti.o
 .debug_frame   0x000046cc       0x20 obj/external/Components/Dcm/Implementation/Dcm_VarMgr.o
 .debug_frame   0x000046ec     0x1b44 obj/external/Components/Dem/Implementation/Dem.o
 .debug_frame   0x00006230       0x9c obj/external/Components/Det/Implementation/Det.o
 .debug_frame   0x000062cc      0x2ec obj/external/Components/EcuM/Implementation/EcuM.o
 .debug_frame   0x000065b8      0x200 obj/external/Components/Fee/Implementation/Fee.o
 .debug_frame   0x000067b8      0x424 obj/external/Components/Fee/Implementation/Fee_ChunkInfo.o
 .debug_frame   0x00006bdc      0x184 obj/external/Components/Fee/Implementation/Fee_Partition.o
 .debug_frame   0x00006d60     0x10a4 obj/external/Components/Fee/Implementation/Fee_Processing.o
 .debug_frame   0x00007e04      0x34c obj/external/Components/Fee/Implementation/Fee_Sector.o
 .debug_frame   0x00008150       0xd4 obj/external/Components/IpduM/Implementation/IpduM.o
 .debug_frame   0x00008224      0x16c obj/external/Components/IpduM/Implementation/IpduM_Container.o
 .debug_frame   0x00008390      0x108 obj/external/Components/MemIf/Implementation/MemIf.o
 .debug_frame   0x00008498      0x1d4 obj/external/Components/Nm/Implementation/Nm.o
 .debug_frame   0x0000866c      0x240 obj/external/Components/NvM/Implementation/NvM.o
 .debug_frame   0x000088ac      0x698 obj/external/Components/NvM/Implementation/NvM_Act.o
 .debug_frame   0x00008f44      0x1ec obj/external/Components/NvM/Implementation/NvM_Crc.o
 .debug_frame   0x00009130       0xf0 obj/external/Components/NvM/Implementation/NvM_DataIntegrity.o
 .debug_frame   0x00009220       0x8c obj/external/Components/NvM/Implementation/NvM_JobProc.o
 .debug_frame   0x000092ac      0x104 obj/external/Components/NvM/Implementation/NvM_MemIfAbstraction.o
 .debug_frame   0x000093b0      0x2fc obj/external/Components/NvM/Implementation/NvM_Qry.o
 .debug_frame   0x000096ac      0x118 obj/external/Components/NvM/Implementation/NvM_Queue.o
 .debug_frame   0x000097c4       0x30 obj/external/Components/Os/Implementation/Os_AccessCheck.o
 .debug_frame   0x000097f4      0x250 obj/external/Components/Os/Implementation/Os_Alarm.o
 .debug_frame   0x00009a44      0x170 obj/external/Components/Os/Implementation/Os_Application.o
 .debug_frame   0x00009bb4       0x70 obj/external/Components/Os/Implementation/Os_Barrier.o
 .debug_frame   0x00009c24      0x37c obj/external/Components/Os/Implementation/Os_Core.o
 .debug_frame   0x00009fa0      0x234 obj/external/Components/Os/Implementation/Os_Counter.o
 .debug_frame   0x0000a1d4      0x618 obj/external/Components/Os/Implementation/Os_Error.o
 .debug_frame   0x0000a7ec      0x13c obj/external/Components/Os/Implementation/Os_Event.o
 .debug_frame   0x0000a928       0x7c obj/external/Components/Os/Implementation/Os_Hal_Context.o
 .debug_frame   0x0000a9a4       0x40 obj/external/Components/Os/Implementation/Os_Hal_Core.o
 .debug_frame   0x0000a9e4      0x1e4 obj/external/Components/Os/Implementation/Os_Hook.o
 .debug_frame   0x0000abc8       0xd0 obj/external/Components/Os/Implementation/Os_Interrupt.o
 .debug_frame   0x0000ac98      0x294 obj/external/Components/Os/Implementation/Os_Ioc.o
 .debug_frame   0x0000af2c      0x1b0 obj/external/Components/Os/Implementation/Os_Isr.o
 .debug_frame   0x0000b0dc       0x2c obj/external/Components/Os/Implementation/Os_MemoryProtection.o
 .debug_frame   0x0000b108      0x124 obj/external/Components/Os/Implementation/Os_Peripheral.o
 .debug_frame   0x0000b22c       0x98 obj/external/Components/Os/Implementation/Os_PriorityQueue.o
 .debug_frame   0x0000b2c4       0xb4 obj/external/Components/Os/Implementation/Os_Resource.o
 .debug_frame   0x0000b378      0x170 obj/external/Components/Os/Implementation/Os_ScheduleTable.o
 .debug_frame   0x0000b4e8      0x1a4 obj/external/Components/Os/Implementation/Os_Scheduler.o
 .debug_frame   0x0000b68c       0xb4 obj/external/Components/Os/Implementation/Os_ServiceFunction.o
 .debug_frame   0x0000b740       0xa4 obj/external/Components/Os/Implementation/Os_Spinlock.o
 .debug_frame   0x0000b7e4      0x1e0 obj/external/Components/Os/Implementation/Os_Stack.o
 .debug_frame   0x0000b9c4      0x278 obj/external/Components/Os/Implementation/Os_Task.o
 .debug_frame   0x0000bc3c       0x2c obj/external/Components/Os/Implementation/Os_Thread.o
 .debug_frame   0x0000bc68       0xa4 obj/external/Components/Os/Implementation/Os_Timer.o
 .debug_frame   0x0000bd0c       0x94 obj/external/Components/Os/Implementation/Os_TimingProtection.o
 .debug_frame   0x0000bda0     0x19cc obj/external/Components/Os/Implementation/Os_Trap.o
 .debug_frame   0x0000d76c      0x334 obj/external/Components/Os/Implementation/Os_XSignal.o
 .debug_frame   0x0000daa0      0x1b8 obj/external/Components/PduR/Implementation/PduR.o
 .debug_frame   0x0000dc58      0x23c obj/external/Components/PduR/Implementation/PduR_Bm.o
 .debug_frame   0x0000de94      0x1d8 obj/external/Components/PduR/Implementation/PduR_Fm.o
 .debug_frame   0x0000e06c       0xb8 obj/external/Components/PduR/Implementation/PduR_Lock.o
 .debug_frame   0x0000e124      0x154 obj/external/Components/PduR/Implementation/PduR_RmIf.o
 .debug_frame   0x0000e278       0xb0 obj/external/Components/PduR/Implementation/PduR_RmTp.o
 .debug_frame   0x0000e328      0x538 obj/external/Components/VStdLib/Implementation/vstdlib.o
 .debug_frame   0x0000e860      0x4d0 obj/external/Components/Xcp/Implementation/Xcp.o
 .debug_frame   0x0000ed30       0x60 obj/external/ThirdParty/Mcal_S32x/Supply/SW32G_RTD_4.4_3.0.4/eclipse/plugins/Base_TS_T40D11M30I4R0/src/OsIf_Timer.o
 .debug_frame   0x0000ed90       0xb8 obj/external/ThirdParty/Mcal_S32x/Supply/SW32G_RTD_4.4_3.0.4/eclipse/plugins/Dio_TS_T40D11M30I4R0/src/Dio.o
 .debug_frame   0x0000ee48       0xd4 obj/external/ThirdParty/Mcal_S32x/Supply/SW32G_RTD_4.4_3.0.4/eclipse/plugins/Dio_TS_T40D11M30I4R0/src/Dio_Ipw.o
 .debug_frame   0x0000ef1c      0x164 obj/external/ThirdParty/Mcal_S32x/Supply/SW32G_RTD_4.4_3.0.4/eclipse/plugins/Dio_TS_T40D11M30I4R0/src/Siul2_Dio_Ip.o
 .debug_frame   0x0000f080      0x4b4 obj/external/ThirdParty/Mcal_S32x/Supply/SW32G_RTD_4.4_3.0.4/eclipse/plugins/Fls_TS_T40D11M30I4R0/src/Fls.o
 .debug_frame   0x0000f534      0x1dc obj/external/ThirdParty/Mcal_S32x/Supply/SW32G_RTD_4.4_3.0.4/eclipse/plugins/Fls_TS_T40D11M30I4R0/src/Fls_IPW.o
 .debug_frame   0x0000f710      0x600 obj/external/ThirdParty/Mcal_S32x/Supply/SW32G_RTD_4.4_3.0.4/eclipse/plugins/Fls_TS_T40D11M30I4R0/src/Qspi_Ip.o
 .debug_frame   0x0000fd10      0x2ec obj/external/ThirdParty/Mcal_S32x/Supply/SW32G_RTD_4.4_3.0.4/eclipse/plugins/Fls_TS_T40D11M30I4R0/src/Qspi_Ip_Controller.o
 .debug_frame   0x0000fffc      0x7ac obj/external/ThirdParty/Mcal_S32x/Supply/SW32G_RTD_4.4_3.0.4/eclipse/plugins/Fls_TS_T40D11M30I4R0/src/Qspi_Ip_Sfdp.o
 .debug_frame   0x000107a8       0x30 obj/external/ThirdParty/Mcal_S32x/Supply/SW32G_RTD_4.4_3.0.4/eclipse/plugins/Mcl_TS_T40D11M30I4R0/src/CDD_Mcl.o
 .debug_frame   0x000107d8      0x214 obj/external/ThirdParty/Mcal_S32x/Supply/SW32G_RTD_4.4_3.0.4/eclipse/plugins/Mcu_TS_T40D11M30I4R0/src/Clock_Ip.o
 .debug_frame   0x000109ec       0x94 obj/external/ThirdParty/Mcal_S32x/Supply/SW32G_RTD_4.4_3.0.4/eclipse/plugins/Mcu_TS_T40D11M30I4R0/src/Clock_Ip_Divider.o
 .debug_frame   0x00010a80       0x20 obj/external/ThirdParty/Mcal_S32x/Supply/SW32G_RTD_4.4_3.0.4/eclipse/plugins/Mcu_TS_T40D11M30I4R0/src/Clock_Ip_DividerTrigger.o
 .debug_frame   0x00010aa0       0x98 obj/external/ThirdParty/Mcal_S32x/Supply/SW32G_RTD_4.4_3.0.4/eclipse/plugins/Mcu_TS_T40D11M30I4R0/src/Clock_Ip_ExtOsc.o
 .debug_frame   0x00010b38       0x8c obj/external/ThirdParty/Mcal_S32x/Supply/SW32G_RTD_4.4_3.0.4/eclipse/plugins/Mcu_TS_T40D11M30I4R0/src/Clock_Ip_FracDiv.o
 .debug_frame   0x00010bc4       0x7c obj/external/ThirdParty/Mcal_S32x/Supply/SW32G_RTD_4.4_3.0.4/eclipse/plugins/Mcu_TS_T40D11M30I4R0/src/Clock_Ip_Gate.o
 .debug_frame   0x00010c40       0x30 obj/external/ThirdParty/Mcal_S32x/Supply/SW32G_RTD_4.4_3.0.4/eclipse/plugins/Mcu_TS_T40D11M30I4R0/src/Clock_Ip_IntOsc.o
 .debug_frame   0x00010c70       0x2c obj/external/ThirdParty/Mcal_S32x/Supply/SW32G_RTD_4.4_3.0.4/eclipse/plugins/Mcu_TS_T40D11M30I4R0/src/Clock_Ip_Irq.o
 .debug_frame   0x00010c9c      0x120 obj/external/ThirdParty/Mcal_S32x/Supply/SW32G_RTD_4.4_3.0.4/eclipse/plugins/Mcu_TS_T40D11M30I4R0/src/Clock_Ip_Monitor.o
 .debug_frame   0x00010dbc       0xf0 obj/external/ThirdParty/Mcal_S32x/Supply/SW32G_RTD_4.4_3.0.4/eclipse/plugins/Mcu_TS_T40D11M30I4R0/src/Clock_Ip_Pll.o
 .debug_frame   0x00010eac       0x48 obj/external/ThirdParty/Mcal_S32x/Supply/SW32G_RTD_4.4_3.0.4/eclipse/plugins/Mcu_TS_T40D11M30I4R0/src/Clock_Ip_ProgFreqSwitch.o
 .debug_frame   0x00010ef4      0x164 obj/external/ThirdParty/Mcal_S32x/Supply/SW32G_RTD_4.4_3.0.4/eclipse/plugins/Mcu_TS_T40D11M30I4R0/src/Clock_Ip_Selector.o
 .debug_frame   0x00011058       0x98 obj/external/ThirdParty/Mcal_S32x/Supply/SW32G_RTD_4.4_3.0.4/eclipse/plugins/Mcu_TS_T40D11M30I4R0/src/Clock_Ip_Specific.o
 .debug_frame   0x000110f0      0x100 obj/external/ThirdParty/Mcal_S32x/Supply/SW32G_RTD_4.4_3.0.4/eclipse/plugins/Mcu_TS_T40D11M30I4R0/src/Mcu.o
 .debug_frame   0x000111f0      0x100 obj/external/ThirdParty/Mcal_S32x/Supply/SW32G_RTD_4.4_3.0.4/eclipse/plugins/Mcu_TS_T40D11M30I4R0/src/Mcu_Ipw.o
 .debug_frame   0x000112f0       0xc8 obj/external/ThirdParty/Mcal_S32x/Supply/SW32G_RTD_4.4_3.0.4/eclipse/plugins/Mcu_TS_T40D11M30I4R0/src/Power_Ip.o
 .debug_frame   0x000113b8       0x6c obj/external/ThirdParty/Mcal_S32x/Supply/SW32G_RTD_4.4_3.0.4/eclipse/plugins/Mcu_TS_T40D11M30I4R0/src/Power_Ip_CortexM7.o
 .debug_frame   0x00011424      0x1a0 obj/external/ThirdParty/Mcal_S32x/Supply/SW32G_RTD_4.4_3.0.4/eclipse/plugins/Mcu_TS_T40D11M30I4R0/src/Power_Ip_MC_ME.o
 .debug_frame   0x000115c4      0x258 obj/external/ThirdParty/Mcal_S32x/Supply/SW32G_RTD_4.4_3.0.4/eclipse/plugins/Mcu_TS_T40D11M30I4R0/src/Power_Ip_MC_RGM.o
 .debug_frame   0x0001181c       0x20 obj/external/ThirdParty/Mcal_S32x/Supply/SW32G_RTD_4.4_3.0.4/eclipse/plugins/Mcu_TS_T40D11M30I4R0/src/Power_Ip_MSCM.o
 .debug_frame   0x0001183c       0x20 obj/external/ThirdParty/Mcal_S32x/Supply/SW32G_RTD_4.4_3.0.4/eclipse/plugins/Mcu_TS_T40D11M30I4R0/src/Power_Ip_PMC.o
 .debug_frame   0x0001185c       0x84 obj/external/ThirdParty/Mcal_S32x/Supply/SW32G_RTD_4.4_3.0.4/eclipse/plugins/Mcu_TS_T40D11M30I4R0/src/Power_Ip_Private.o
 .debug_frame   0x000118e0       0x44 obj/external/ThirdParty/Mcal_S32x/Supply/SW32G_RTD_4.4_3.0.4/eclipse/plugins/Mcu_TS_T40D11M30I4R0/src/Ram_Ip.o
 .debug_frame   0x00011924       0x9c obj/external/ThirdParty/Mcal_S32x/Supply/SW32G_RTD_4.4_3.0.4/eclipse/plugins/Port_TS_T40D11M30I4R0/src/Port.o
 .debug_frame   0x000119c0      0x110 obj/external/ThirdParty/Mcal_S32x/Supply/SW32G_RTD_4.4_3.0.4/eclipse/plugins/Port_TS_T40D11M30I4R0/src/Port_Ipw.o
 .debug_frame   0x00011ad0      0x13c obj/external/ThirdParty/Mcal_S32x/Supply/SW32G_RTD_4.4_3.0.4/eclipse/plugins/Port_TS_T40D11M30I4R0/src/Siul2_Port_Ip.o
 .debug_frame   0x00011c0c      0x3f0 obj/external/ap-cp-gateway/Appl/GenData/BswM_Lcfg.o
 .debug_frame   0x00011ffc       0x2c obj/external/ap-cp-gateway/Appl/GenData/ComM_Lcfg.o
 .debug_frame   0x00012028       0x48 obj/external/ap-cp-gateway/Appl/GenData/Com_Lcfg.o
 .debug_frame   0x00012070      0x11c obj/external/ap-cp-gateway/Appl/GenData/Dcm_Lcfg.o
 .debug_frame   0x0001218c       0x20 obj/external/ap-cp-gateway/Appl/GenData/Fee_Lcfg.o
 .debug_frame   0x000121ac       0x3c obj/external/ap-cp-gateway/Appl/GenData/IpduM_Lcfg.o
 .debug_frame   0x000121e8       0x2c obj/external/ap-cp-gateway/Appl/GenData/MemIf_Cfg.o
 .debug_frame   0x00012214       0x74 obj/external/ap-cp-gateway/Appl/GenData/NvM_Cfg.o
 .debug_frame   0x00012288      0x25c obj/external/ap-cp-gateway/Appl/GenData/PduR_Lcfg.o
 .debug_frame   0x000124e4      0xd1c obj/external/ap-cp-gateway/Appl/GenData/Rte.o
 .debug_frame   0x00013200       0x34 obj/external/ap-cp-gateway/Appl/Source/ARMBrsHwIntTb_CortexM.o
 .debug_frame   0x00013234       0xa4 obj/external/ap-cp-gateway/Appl/Source/ARMBrsHw_CortexM.o
 .debug_frame   0x000132d8       0x68 obj/external/ap-cp-gateway/Appl/Source/BrsHw.o
 .debug_frame   0x00013340      0x1c4 obj/external/ap-cp-gateway/Appl/Source/BrsMain.o
 .debug_frame   0x00013504       0xb4 obj/external/ap-cp-gateway/Appl/Source/BrsMainStartup.o
 .debug_frame   0x000135b8       0x80 obj/external/ap-cp-gateway/Appl/Source/BrsMain_Callout_Stubs.o
 .debug_frame   0x00013638       0x68 obj/external/ap-cp-gateway/Appl/Source/BswInit.o
 .debug_frame   0x000136a0       0xe8 obj/external/ap-cp-gateway/Appl/Source/BswM_Callout_Stubs.o
 .debug_frame   0x00013788       0xf0 obj/external/ap-cp-gateway/Appl/Source/Dcm_Callout_Stubs.o
 .debug_frame   0x00013878      0x110 obj/external/ap-cp-gateway/Appl/Source/EcuM_Callout_Stubs.o
 .debug_frame   0x00013988       0x2c obj/external/ap-cp-gateway/Appl/Source/Os_Callout_Stubs.o
 .debug_frame   0x000139b4       0x7c obj/external/ap-cp-gateway/Appl/Source/XcpAppl.o
 .debug_frame   0x00013a30       0x90 obj/external/ap-cp-gateway/Appl/Source/ipc-shm/Cdd_Ipc.o
 .debug_frame   0x00013ac0       0x84 obj/external/ap-cp-gateway/Appl/Source/ipc-shm/common/ipc-queue.o
 .debug_frame   0x00013b44      0x320 obj/external/ap-cp-gateway/Appl/Source/ipc-shm/common/ipc-shm.o
 .debug_frame   0x00013e64       0xc4 obj/external/ap-cp-gateway/Appl/Source/ipc-shm/hw/s32gen1/ipc-hw-s32gen1.o
 .debug_frame   0x00013f28       0xdc obj/external/ap-cp-gateway/Appl/Source/ipc-shm/os/autosar/ipc-os-autosar.o
 .debug_frame   0x00014004       0x28 C:/TOOLS/NXP/gcc-9.2-arm32-eabi/arm-none-eabi/newlib/lib/thumb/v7-m/nofp\libc.a(lib_a-memcpy-stub.o)
 .debug_frame   0x0001402c       0x20 C:/TOOLS/NXP/gcc-9.2-arm32-eabi/arm-none-eabi/newlib/lib/thumb/v7-m/nofp\libc.a(lib_a-memset.o)
